Archive member included to satisfy reference by file (symbol)

/Applications/STM32CubeIDE.app/Contents/Eclipse/plugins/com.st.stm32cube.ide.mcu.externaltools.gnu-tools-for-stm32.13.3.rel1.macos64_1.0.0.202411102158/tools/bin/../lib/gcc/arm-none-eabi/13.3.1/../../../../arm-none-eabi/lib/thumb/v7-m/nofp/libc_nano.a(libc_a-exit.o)
                              /Applications/STM32CubeIDE.app/Contents/Eclipse/plugins/com.st.stm32cube.ide.mcu.externaltools.gnu-tools-for-stm32.13.3.rel1.macos64_1.0.0.202411102158/tools/bin/../lib/gcc/arm-none-eabi/13.3.1/../../../../arm-none-eabi/lib/thumb/v7-m/nofp/crt0.o (exit)
/Applications/STM32CubeIDE.app/Contents/Eclipse/plugins/com.st.stm32cube.ide.mcu.externaltools.gnu-tools-for-stm32.13.3.rel1.macos64_1.0.0.202411102158/tools/bin/../lib/gcc/arm-none-eabi/13.3.1/../../../../arm-none-eabi/lib/thumb/v7-m/nofp/libc_nano.a(libc_a-findfp.o)
                              /Applications/STM32CubeIDE.app/Contents/Eclipse/plugins/com.st.stm32cube.ide.mcu.externaltools.gnu-tools-for-stm32.13.3.rel1.macos64_1.0.0.202411102158/tools/bin/../lib/gcc/arm-none-eabi/13.3.1/../../../../arm-none-eabi/lib/thumb/v7-m/nofp/libc_nano.a(libc_a-exit.o) (__stdio_exit_handler)
/Applications/STM32CubeIDE.app/Contents/Eclipse/plugins/com.st.stm32cube.ide.mcu.externaltools.gnu-tools-for-stm32.13.3.rel1.macos64_1.0.0.202411102158/tools/bin/../lib/gcc/arm-none-eabi/13.3.1/../../../../arm-none-eabi/lib/thumb/v7-m/nofp/libc_nano.a(libc_a-fwalk.o)
                              /Applications/STM32CubeIDE.app/Contents/Eclipse/plugins/com.st.stm32cube.ide.mcu.externaltools.gnu-tools-for-stm32.13.3.rel1.macos64_1.0.0.202411102158/tools/bin/../lib/gcc/arm-none-eabi/13.3.1/../../../../arm-none-eabi/lib/thumb/v7-m/nofp/libc_nano.a(libc_a-findfp.o) (_fwalk_sglue)
/Applications/STM32CubeIDE.app/Contents/Eclipse/plugins/com.st.stm32cube.ide.mcu.externaltools.gnu-tools-for-stm32.13.3.rel1.macos64_1.0.0.202411102158/tools/bin/../lib/gcc/arm-none-eabi/13.3.1/../../../../arm-none-eabi/lib/thumb/v7-m/nofp/libc_nano.a(libc_a-memset.o)
                              /Applications/STM32CubeIDE.app/Contents/Eclipse/plugins/com.st.stm32cube.ide.mcu.externaltools.gnu-tools-for-stm32.13.3.rel1.macos64_1.0.0.202411102158/tools/bin/../lib/gcc/arm-none-eabi/13.3.1/../../../../arm-none-eabi/lib/thumb/v7-m/nofp/crt0.o (memset)
/Applications/STM32CubeIDE.app/Contents/Eclipse/plugins/com.st.stm32cube.ide.mcu.externaltools.gnu-tools-for-stm32.13.3.rel1.macos64_1.0.0.202411102158/tools/bin/../lib/gcc/arm-none-eabi/13.3.1/../../../../arm-none-eabi/lib/thumb/v7-m/nofp/libc_nano.a(libc_a-errno.o)
                              ./Core/Src/syscalls.o (__errno)
/Applications/STM32CubeIDE.app/Contents/Eclipse/plugins/com.st.stm32cube.ide.mcu.externaltools.gnu-tools-for-stm32.13.3.rel1.macos64_1.0.0.202411102158/tools/bin/../lib/gcc/arm-none-eabi/13.3.1/../../../../arm-none-eabi/lib/thumb/v7-m/nofp/libc_nano.a(libc_a-init.o)
                              /Applications/STM32CubeIDE.app/Contents/Eclipse/plugins/com.st.stm32cube.ide.mcu.externaltools.gnu-tools-for-stm32.13.3.rel1.macos64_1.0.0.202411102158/tools/bin/../lib/gcc/arm-none-eabi/13.3.1/../../../../arm-none-eabi/lib/thumb/v7-m/nofp/crt0.o (__libc_init_array)
/Applications/STM32CubeIDE.app/Contents/Eclipse/plugins/com.st.stm32cube.ide.mcu.externaltools.gnu-tools-for-stm32.13.3.rel1.macos64_1.0.0.202411102158/tools/bin/../lib/gcc/arm-none-eabi/13.3.1/../../../../arm-none-eabi/lib/thumb/v7-m/nofp/libc_nano.a(libc_a-lock.o)
                              /Applications/STM32CubeIDE.app/Contents/Eclipse/plugins/com.st.stm32cube.ide.mcu.externaltools.gnu-tools-for-stm32.13.3.rel1.macos64_1.0.0.202411102158/tools/bin/../lib/gcc/arm-none-eabi/13.3.1/../../../../arm-none-eabi/lib/thumb/v7-m/nofp/libc_nano.a(libc_a-findfp.o) (__retarget_lock_init_recursive)
/Applications/STM32CubeIDE.app/Contents/Eclipse/plugins/com.st.stm32cube.ide.mcu.externaltools.gnu-tools-for-stm32.13.3.rel1.macos64_1.0.0.202411102158/tools/bin/../lib/gcc/arm-none-eabi/13.3.1/../../../../arm-none-eabi/lib/thumb/v7-m/nofp/libc_nano.a(libc_a-impure.o)
                              /Applications/STM32CubeIDE.app/Contents/Eclipse/plugins/com.st.stm32cube.ide.mcu.externaltools.gnu-tools-for-stm32.13.3.rel1.macos64_1.0.0.202411102158/tools/bin/../lib/gcc/arm-none-eabi/13.3.1/../../../../arm-none-eabi/lib/thumb/v7-m/nofp/libc_nano.a(libc_a-errno.o) (_impure_ptr)
/Applications/STM32CubeIDE.app/Contents/Eclipse/plugins/com.st.stm32cube.ide.mcu.externaltools.gnu-tools-for-stm32.13.3.rel1.macos64_1.0.0.202411102158/tools/bin/../lib/gcc/arm-none-eabi/13.3.1/../../../../arm-none-eabi/lib/thumb/v7-m/nofp/libc_nano.a(libc_a-mallocr.o)
                              /Applications/STM32CubeIDE.app/Contents/Eclipse/plugins/com.st.stm32cube.ide.mcu.externaltools.gnu-tools-for-stm32.13.3.rel1.macos64_1.0.0.202411102158/tools/bin/../lib/gcc/arm-none-eabi/13.3.1/../../../../arm-none-eabi/lib/thumb/v7-m/nofp/libc_nano.a(libc_a-findfp.o) (_malloc_r)
[...]
Memory Configuration

Name             Origin             Length             Attributes
RAM              0x20000000         0x00005000         xrw
FLASH            0x08000000         0x00010000         xr
*default*        0x00000000         0xffffffff

Linker script and memory map

LOAD /Applications/STM32CubeIDE.app/Contents/Eclipse/plugins/com.st.stm32cube.ide.mcu.externaltools.gnu-tools-for-stm32.13.3.rel1.macos64_1.0.0.202411102158/tools/bin/../lib/gcc/arm-none-eabi/13.3.1/thumb/v7-m/nofp/crti.o
LOAD /Applications/STM32CubeIDE.app/Contents/Eclipse/plugins/com.st.stm32cube.ide.mcu.externaltools.gnu-tools-for-stm32.13.3.rel1.macos64_1.0.0.202411102158/tools/bin/../lib/gcc/arm-none-eabi/13.3.1/thumb/v7-m/nofp/crtbegin.o
LOAD /Applications/STM32CubeIDE.app/Contents/Eclipse/plugins/com.st.stm32cube.ide.mcu.externaltools.gnu-tools-for-stm32.13.3.rel1.macos64_1.0.0.202411102158/tools/bin/../lib/gcc/arm-none-eabi/13.3.1/../../../../arm-none-eabi/lib/thumb/v7-m/nofp/crt0.o
LOAD ./Core/Src/adc_manager.o
LOAD ./Core/Src/distance.o
LOAD ./Core/Src/main.o
LOAD ./Core/Src/motors.o
LOAD ./Core/Src/movement.o
LOAD ./Core/Src/stm32f1xx_hal_msp.o
LOAD ./Core/Src/stm32f1xx_it.o
LOAD ./Core/Src/syscalls.o
LOAD ./Core/Src/sysmem.o
LOAD ./Core/Src/system_stm32f1xx.o
LOAD ./Core/Startup/startup_stm32f103c8tx.o
LOAD ./Drivers/STM32F1xx_HAL_Driver/Src/stm32f1xx_hal.o
LOAD ./Drivers/STM32F1xx_HAL_Driver/Src/stm32f1xx_hal_adc.o
LOAD ./Drivers/STM32F1xx_HAL_Driver/Src/stm32f1xx_hal_adc_ex.o
LOAD ./Drivers/STM32F1xx_HAL_Driver/Src/stm32f1xx_hal_cortex.o
LOAD ./Drivers/STM32F1xx_HAL_Driver/Src/stm32f1xx_hal_dma.o
LOAD ./Drivers/STM32F1xx_HAL_Driver/Src/stm32f1xx_hal_exti.o
LOAD ./Drivers/STM32F1xx_HAL_Driver/Src/stm32f1xx_hal_flash.o
LOAD ./Drivers/STM32F1xx_HAL_Driver/Src/stm32f1xx_hal_flash_ex.o
LOAD ./Drivers/STM32F1xx_HAL_Driver/Src/stm32f1xx_hal_gpio.o
LOAD ./Drivers/STM32F1xx_HAL_Driver/Src/stm32f1xx_hal_gpio_ex.o
LOAD ./Drivers/STM32F1xx_HAL_Driver/Src/stm32f1xx_hal_pwr.o
LOAD ./Drivers/STM32F1xx_HAL_Driver/Src/stm32f1xx_hal_rcc.o
LOAD ./Drivers/STM32F1xx_HAL_Driver/Src/stm32f1xx_hal_rcc_ex.o
LOAD ./Drivers/STM32F1xx_HAL_Driver/Src/stm32f1xx_hal_tim.o
LOAD ./Drivers/STM32F1xx_HAL_Driver/Src/stm32f1xx_hal_tim_ex.o
START GROUP
LOAD /Applications/STM32CubeIDE.app/Contents/Eclipse/plugins/com.st.stm32cube.ide.mcu.externaltools.gnu-tools-for-stm32.13.3.rel1.macos64_1.0.0.202411102158/tools/bin/../lib/gcc/arm-none-eabi/13.3.1/../../../../arm-none-eabi/lib/thumb/v7-m/nofp/libstdc++_nano.a
LOAD /Applications/STM32CubeIDE.app/Contents/Eclipse/plugins/com.st.stm32cube.ide.mcu.externaltools.gnu-tools-for-stm32.13.3.rel1.macos64_1.0.0.202411102158/tools/bin/../lib/gcc/arm-none-eabi/13.3.1/../../../../arm-none-eabi/lib/thumb/v7-m/nofp/libsupc++_nano.a
END GROUP
LOAD /Applications/STM32CubeIDE.app/Contents/Eclipse/plugins/com.st.stm32cube.ide.mcu.externaltools.gnu-tools-for-stm32.13.3.rel1.macos64_1.0.0.202411102158/tools/bin/../lib/gcc/arm-none-eabi/13.3.1/../../../../arm-none-eabi/lib/thumb/v7-m/nofp/libstdc++_nano.a
LOAD /Applications/STM32CubeIDE.app/Contents/Eclipse/plugins/com.st.stm32cube.ide.mcu.externaltools.gnu-tools-for-stm32.13.3.rel1.macos64_1.0.0.202411102158/tools/bin/../lib/gcc/arm-none-eabi/13.3.1/../../../../arm-none-eabi/lib/thumb/v7-m/nofp/libm.a
LOAD /Applications/STM32CubeIDE.app/Contents/Eclipse/plugins/com.st.stm32cube.ide.mcu.externaltools.gnu-tools-for-stm32.13.3.rel1.macos64_1.0.0.202411102158/tools/bin/../lib/gcc/arm-none-eabi/13.3.1/../../../../arm-none-eabi/lib/thumb/v7-m/nofp/libc_nano.a
START GROUP
LOAD /Applications/STM32CubeIDE.app/Contents/Eclipse/plugins/com.st.stm32cube.ide.mcu.externaltools.gnu-tools-for-stm32.13.3.rel1.macos64_1.0.0.202411102158/tools/bin/../lib/gcc/arm-none-eabi/13.3.1/thumb/v7-m/nofp/libgcc.a
LOAD /Applications/STM32CubeIDE.app/Contents/Eclipse/plugins/com.st.stm32cube.ide.mcu.externaltools.gnu-tools-for-stm32.13.3.rel1.macos64_1.0.0.202411102158/tools/bin/../lib/gcc/arm-none-eabi/13.3.1/../../../../arm-none-eabi/lib/thumb/v7-m/nofp/libc_nano.a
END GROUP
START GROUP
LOAD /Applications/STM32CubeIDE.app/Contents/Eclipse/plugins/com.st.stm32cube.ide.mcu.externaltools.gnu-tools-for-stm32.13.3.rel1.macos64_1.0.0.202411102158/tools/bin/../lib/gcc/arm-none-eabi/13.3.1/thumb/v7-m/nofp/libgcc.a
LOAD /Applications/STM32CubeIDE.app/Contents/Eclipse/plugins/com.st.stm32cube.ide.mcu.externaltools.gnu-tools-for-stm32.13.3.rel1.macos64_1.0.0.202411102158/tools/bin/../lib/gcc/arm-none-eabi/13.3.1/../../../../arm-none-eabi/lib/thumb/v7-m/nofp/libc_nano.a
LOAD /Applications/STM32CubeIDE.app/Contents/Eclipse/plugins/com.st.stm32cube.ide.mcu.externaltools.gnu-tools-for-stm32.13.3.rel1.macos64_1.0.0.202411102158/tools/bin/../lib/gcc/arm-none-eabi/13.3.1/../../../../arm-none-eabi/lib/thumb/v7-m/nofp/libnosys.a
END GROUP
START GROUP
LOAD /Applications/STM32CubeIDE.app/Contents/Eclipse/plugins/com.st.stm32cube.ide.mcu.externaltools.gnu-tools-for-stm32.13.3.rel1.macos64_1.0.0.202411102158/tools/bin/../lib/gcc/arm-none-eabi/13.3.1/thumb/v7-m/nofp/libgcc.a
LOAD /Applications/STM32CubeIDE.app/Contents/Eclipse/plugins/com.st.stm32cube.ide.mcu.externaltools.gnu-tools-for-stm32.13.3.rel1.macos64_1.0.0.202411102158/tools/bin/../lib/gcc/arm-none-eabi/13.3.1/../../../../arm-none-eabi/lib/thumb/v7-m/nofp/libc_nano.a
LOAD /Applications/STM32CubeIDE.app/Contents/Eclipse/plugins/com.st.stm32cube.ide.mcu.externaltools.gnu-tools-for-stm32.13.3.rel1.macos64_1.0.0.202411102158/tools/bin/../lib/gcc/arm-none-eabi/13.3.1/../../../../arm-none-eabi/lib/thumb/v7-m/nofp/libnosys.a
END GROUP
LOAD /Applications/STM32CubeIDE.app/Contents/Eclipse/plugins/com.st.stm32cube.ide.mcu.externaltools.gnu-tools-for-stm32.13.3.rel1.macos64_1.0.0.202411102158/tools/bin/../lib/gcc/arm-none-eabi/13.3.1/thumb/v7-m/nofp/crtend.o
LOAD /Applications/STM32CubeIDE.app/Contents/Eclipse/plugins/com.st.stm32cube.ide.mcu.externaltools.gnu-tools-for-stm32.13.3.rel1.macos64_1.0.0.202411102158/tools/bin/../lib/gcc/arm-none-eabi/13.3.1/thumb/v7-m/nofp/crtn.o
                0x20005000                        _estack = (ORIGIN (RAM) + LENGTH (RAM))
                0x00000200                        _Min_Heap_Size = 0x200
                0x00000400                        _Min_Stack_Size = 0x400

.isr_vector     0x08000000      0x10c
                0x08000000                        . = ALIGN (0x4)
 *(.isr_vector)
 .isr_vector    0x08000000      0x10c ./Core/Startup/startup_stm32f103c8tx.o
                0x08000000                g_pfnVectors
                0x0800010c                        . = ALIGN (0x4)

.text           0x0800010c     0x40a0
                0x0800010c                        . = ALIGN (0x4)
 *(.text)
 .text          0x0800010c       0x40 /Applications/STM32CubeIDE.app/Contents/Eclipse/plugins/com.st.stm32cube.ide.mcu.externaltools.gnu-tools-for-stm32.13.3.rel1.macos64_1.0.0.202411102158/tools/bin/../lib/gcc/arm-none-eabi/13.3.1/thumb/v7-m/nofp/crtbegin.o
 .text          0x0800014c      0x21c /Applications/STM32CubeIDE.app/Contents/Eclipse/plugins/com.st.stm32cube.ide.mcu.externaltools.gnu-tools-for-stm32.13.3.rel1.macos64_1.0.0.202411102158/tools/bin/../lib/gcc/arm-none-eabi/13.3.1/thumb/v7-m/nofp/libgcc.a(_arm_addsubsf3.o)
                0x0800014c                __aeabi_frsub
                0x08000154                __aeabi_fsub
                0x08000154                __subsf3
                0x08000158                __aeabi_fadd
                0x08000158                __addsf3
                0x080002b8                __aeabi_ui2f
                0x080002b8                __floatunsisf
                0x080002c0                __floatsisf
                0x080002c0                __aeabi_i2f
                0x080002dc                __aeabi_ul2f
                0x080002dc                __floatundisf
                0x080002ec                __aeabi_l2f
                0x080002ec                __floatdisf
 .text          0x08000368      0x2a0 /Applications/STM32CubeIDE.app/Contents/Eclipse/plugins/com.st.stm32cube.ide.mcu.externaltools.gnu-tools-for-stm32.13.3.rel1.macos64_1.0.0.202411102158/tools/bin/../lib/gcc/arm-none-eabi/13.3.1/thumb/v7-m/nofp/libgcc.a(_arm_muldivsf3.o)
                0x08000368                __mulsf3
                0x08000368                __aeabi_fmul
                0x080004d0                __divsf3
                0x080004d0                __aeabi_fdiv
 .text          0x08000608       0xec /Applications/STM32CubeIDE.app/Contents/Eclipse/plugins/com.st.stm32cube.ide.mcu.externaltools.gnu-tools-for-stm32.13.3.rel1.macos64_1.0.0.202411102158/tools/bin/../lib/gcc/arm-none-eabi/13.3.1/thumb/v7-m/nofp/libgcc.a(_arm_cmpsf2.o)
                0x08000608                __gesf2
                0x08000608                __gtsf2
                0x08000610                __ltsf2
                0x08000610                __lesf2
                0x08000618                __nesf2
                0x08000618                __eqsf2
                0x08000618                __cmpsf2
                0x08000678                __aeabi_cfrcmple
                0x08000680                __aeabi_cfcmpeq
                0x08000680                __aeabi_cfcmple
                0x08000690                __aeabi_fcmpeq
                0x080006a4                __aeabi_fcmplt
                0x080006b8                __aeabi_fcmple
                0x080006cc                __aeabi_fcmpge
                0x080006e0                __aeabi_fcmpgt
 .text          0x080006f4       0x40 /Applications/STM32CubeIDE.app/Contents/Eclipse/plugins/com.st.stm32cube.ide.mcu.externaltools.gnu-tools-for-stm32.13.3.rel1.macos64_1.0.0.202411102158/tools/bin/../lib/gcc/arm-none-eabi/13.3.1/thumb/v7-m/nofp/libgcc.a(_arm_fixunssfsi.o)
                0x080006f4                __aeabi_f2uiz
                0x080006f4                __fixunssfsi
 *(.text*)
 .text.ADC1_Select_CH4
                0x08000734       0x3c ./Core/Src/adc_manager.o
                0x08000734                ADC1_Select_CH4
 .text.ADC1_Select_CH5
                0x08000770       0x3c ./Core/Src/adc_manager.o
                0x08000770                ADC1_Select_CH5
 .text.ADC1_Select_CH8
                0x080007ac       0x3c ./Core/Src/adc_manager.o
                0x080007ac                ADC1_Select_CH8
 .text.ADC1_Select_CH9
                0x080007e8       0x3c ./Core/Src/adc_manager.o
                0x080007e8                ADC1_Select_CH9
 .text.measure_dist
                0x08000824       0xd8 ./Core/Src/distance.o
                0x08000824                measure_dist
 .text.HAL_TIM_IC_CaptureCallback
                0x080008fc       0xfc ./Core/Src/main.o
                0x080008fc                HAL_TIM_IC_CaptureCallback
 .text.main     0x080009f8       0x88 ./Core/Src/main.o
                0x080009f8                main
 .text.SystemClock_Config
                0x08000a80       0xb6 ./Core/Src/main.o
                0x08000a80                SystemClock_Config
 *fill*         0x08000b36        0x2 
 .text.MX_ADC1_Init
                0x08000b38       0x7c ./Core/Src/main.o
 .text.MX_TIM2_Init
                0x08000bb4      0x104 ./Core/Src/main.o
 .text.MX_TIM3_Init
                0x08000cb8       0xa8 ./Core/Src/main.o
 .text.MX_TIM4_Init
                0x08000d60       0xa8 ./Core/Src/main.o
 .text.MX_GPIO_Init
                0x08000e08      0x170 ./Core/Src/main.o
 .text.HAL_TIM_PeriodElapsedCallback
                0x08000f78       0x58 ./Core/Src/main.o
                0x08000f78                HAL_TIM_PeriodElapsedCallback
 .text.Error_Handler
                0x08000fd0        0xc ./Core/Src/main.o
                0x08000fd0                Error_Handler
 .text.SetLMotorDirection
                0x08000fdc       0x50 ./Core/Src/motors.o
                0x08000fdc                SetLMotorDirection
 .text.SetRMotorDirection
                0x0800102c       0x4c ./Core/Src/motors.o
                0x0800102c                SetRMotorDirection
 .text.moveLeftMotor
                0x08001078       0x32 ./Core/Src/movement.o
                0x08001078                moveLeftMotor
 .text.moveRightMotor
                0x080010aa       0x32 ./Core/Src/movement.o
                0x080010aa                moveRightMotor
 .text.turn     0x080010dc      0x174 ./Core/Src/movement.o
                0x080010dc                turn
 .text.HAL_MspInit
                0x08001250       0x64 ./Core/Src/stm32f1xx_hal_msp.o
                0x08001250                HAL_MspInit
 .text.HAL_ADC_MspInit
                0x080012b4       0xa8 ./Core/Src/stm32f1xx_hal_msp.o
                0x080012b4                HAL_ADC_MspInit
 .text.HAL_TIM_Base_MspInit
                0x0800135c       0x48 ./Core/Src/stm32f1xx_hal_msp.o
                0x0800135c                HAL_TIM_Base_MspInit
 .text.HAL_TIM_Encoder_MspInit
                0x080013a4       0xf8 ./Core/Src/stm32f1xx_hal_msp.o
                0x080013a4                HAL_TIM_Encoder_MspInit
 .text.HAL_TIM_MspPostInit
                0x0800149c       0x60 ./Core/Src/stm32f1xx_hal_msp.o
                0x0800149c                HAL_TIM_MspPostInit
 .text.NMI_Handler
                0x080014fc        0x8 ./Core/Src/stm32f1xx_it.o
                0x080014fc                NMI_Handler
 .text.HardFault_Handler
                0x08001504        0x8 ./Core/Src/stm32f1xx_it.o
                0x08001504                HardFault_Handler
 .text.MemManage_Handler
                0x0800150c        0x8 ./Core/Src/stm32f1xx_it.o
                0x0800150c                MemManage_Handler
 .text.BusFault_Handler
                0x08001514        0x8 ./Core/Src/stm32f1xx_it.o
                0x08001514                BusFault_Handler
 .text.UsageFault_Handler
                0x0800151c        0x8 ./Core/Src/stm32f1xx_it.o
                0x0800151c                UsageFault_Handler
 .text.SVC_Handler
                0x08001524        0xc ./Core/Src/stm32f1xx_it.o
                0x08001524                SVC_Handler
 .text.DebugMon_Handler
                0x08001530        0xc ./Core/Src/stm32f1xx_it.o
                0x08001530                DebugMon_Handler
 .text.PendSV_Handler
                0x0800153c        0xc ./Core/Src/stm32f1xx_it.o
                0x0800153c                PendSV_Handler
 .text.SysTick_Handler
                0x08001548        0xc ./Core/Src/stm32f1xx_it.o
                0x08001548                SysTick_Handler
 .text.TIM2_IRQHandler
                0x08001554       0x14 ./Core/Src/stm32f1xx_it.o
                0x08001554                TIM2_IRQHandler
 .text.TIM3_IRQHandler
                0x08001568       0x14 ./Core/Src/stm32f1xx_it.o
                0x08001568                TIM3_IRQHandler
 .text.TIM4_IRQHandler
                0x0800157c       0x14 ./Core/Src/stm32f1xx_it.o
                0x0800157c                TIM4_IRQHandler
 .text.SystemInit
                0x08001590        0xc ./Core/Src/system_stm32f1xx.o
                0x08001590                SystemInit
 .text.Reset_Handler
                0x0800159c       0x48 ./Core/Startup/startup_stm32f103c8tx.o
                0x0800159c                Reset_Handler
 .text.Default_Handler
                0x080015e4        0x2 ./Core/Startup/startup_stm32f103c8tx.o
                0x080015e4                USBWakeUp_IRQHandler
                0x080015e4                EXTI2_IRQHandler
                0x080015e4                TIM1_CC_IRQHandler
                0x080015e4                PVD_IRQHandler
                0x080015e4                EXTI3_IRQHandler
                0x080015e4                EXTI0_IRQHandler
                0x080015e4                I2C2_EV_IRQHandler
                0x080015e4                ADC1_2_IRQHandler
                0x080015e4                SPI1_IRQHandler
                0x080015e4                TAMPER_IRQHandler
                0x080015e4                DMA1_Channel4_IRQHandler
                0x080015e4                USART3_IRQHandler
                0x080015e4                RTC_IRQHandler
                0x080015e4                DMA1_Channel7_IRQHandler
                0x080015e4                CAN1_RX1_IRQHandler
                0x080015e4                I2C1_EV_IRQHandler
                0x080015e4                DMA1_Channel6_IRQHandler
                0x080015e4                RCC_IRQHandler
                0x080015e4                TIM1_TRG_COM_IRQHandler
                0x080015e4                DMA1_Channel1_IRQHandler
                0x080015e4                Default_Handler
                0x080015e4                EXTI15_10_IRQHandler
                0x080015e4                EXTI9_5_IRQHandler
                0x080015e4                SPI2_IRQHandler
                0x080015e4                DMA1_Channel5_IRQHandler
                0x080015e4                EXTI4_IRQHandler
                0x080015e4                USB_LP_CAN1_RX0_IRQHandler
                0x080015e4                USB_HP_CAN1_TX_IRQHandler
                0x080015e4                DMA1_Channel3_IRQHandler
                0x080015e4                TIM1_UP_IRQHandler
                0x080015e4                WWDG_IRQHandler
                0x080015e4                TIM1_BRK_IRQHandler
                0x080015e4                EXTI1_IRQHandler
                0x080015e4                USART2_IRQHandler
                0x080015e4                I2C2_ER_IRQHandler
                0x080015e4                DMA1_Channel2_IRQHandler
                0x080015e4                CAN1_SCE_IRQHandler
                0x080015e4                FLASH_IRQHandler
                0x080015e4                USART1_IRQHandler
                0x080015e4                I2C1_ER_IRQHandler
                0x080015e4                RTC_Alarm_IRQHandler
 *fill*         0x080015e6        0x2 
 .text.HAL_Init
                0x080015e8       0x2c ./Drivers/STM32F1xx_HAL_Driver/Src/stm32f1xx_hal.o
                0x080015e8                HAL_Init
 .text.HAL_InitTick
                0x08001614       0x60 ./Drivers/STM32F1xx_HAL_Driver/Src/stm32f1xx_hal.o
                0x08001614                HAL_InitTick
 .text.HAL_IncTick
                0x08001674       0x24 ./Drivers/STM32F1xx_HAL_Driver/Src/stm32f1xx_hal.o
                0x08001674                HAL_IncTick
 .text.HAL_GetTick
                0x08001698       0x14 ./Drivers/STM32F1xx_HAL_Driver/Src/stm32f1xx_hal.o
                0x08001698                HAL_GetTick
 .text.HAL_Delay
                0x080016ac       0x48 ./Drivers/STM32F1xx_HAL_Driver/Src/stm32f1xx_hal.o
                0x080016ac                HAL_Delay
 .text.HAL_ADC_Init
                0x080016f4      0x1b0 ./Drivers/STM32F1xx_HAL_Driver/Src/stm32f1xx_hal_adc.o
                0x080016f4                HAL_ADC_Init
 .text.HAL_ADC_Start
                0x080018a4      0x15c ./Drivers/STM32F1xx_HAL_Driver/Src/stm32f1xx_hal_adc.o
                0x080018a4                HAL_ADC_Start
 .text.HAL_ADC_Stop
                0x08001a00       0x58 ./Drivers/STM32F1xx_HAL_Driver/Src/stm32f1xx_hal_adc.o
                0x08001a00                HAL_ADC_Stop
 .text.HAL_ADC_PollForConversion
                0x08001a58      0x20c ./Drivers/STM32F1xx_HAL_Driver/Src/stm32f1xx_hal_adc.o
                0x08001a58                HAL_ADC_PollForConversion
 .text.HAL_ADC_GetValue
                0x08001c64       0x18 ./Drivers/STM32F1xx_HAL_Driver/Src/stm32f1xx_hal_adc.o
                0x08001c64                HAL_ADC_GetValue
 .text.HAL_ADC_ConfigChannel
                0x08001c7c      0x1f0 ./Drivers/STM32F1xx_HAL_Driver/Src/stm32f1xx_hal_adc.o
                0x08001c7c                HAL_ADC_ConfigChannel
 .text.ADC_Enable
                0x08001e6c       0xb4 ./Drivers/STM32F1xx_HAL_Driver/Src/stm32f1xx_hal_adc.o
                0x08001e6c                ADC_Enable
 .text.ADC_ConversionStop_Disable
                0x08001f20       0x82 ./Drivers/STM32F1xx_HAL_Driver/Src/stm32f1xx_hal_adc.o
                0x08001f20                ADC_ConversionStop_Disable
 *fill*         0x08001fa2        0x2 
 .text.__NVIC_SetPriorityGrouping
                0x08001fa4       0x48 ./Drivers/STM32F1xx_HAL_Driver/Src/stm32f1xx_hal_cortex.o
 .text.__NVIC_GetPriorityGrouping
                0x08001fec       0x1c ./Drivers/STM32F1xx_HAL_Driver/Src/stm32f1xx_hal_cortex.o
 .text.__NVIC_EnableIRQ
                0x08002008       0x38 ./Drivers/STM32F1xx_HAL_Driver/Src/stm32f1xx_hal_cortex.o
 .text.__NVIC_SetPriority
                0x08002040       0x54 ./Drivers/STM32F1xx_HAL_Driver/Src/stm32f1xx_hal_cortex.o
 .text.NVIC_EncodePriority
                0x08002094       0x64 ./Drivers/STM32F1xx_HAL_Driver/Src/stm32f1xx_hal_cortex.o
 .text.SysTick_Config
                0x080020f8       0x44 ./Drivers/STM32F1xx_HAL_Driver/Src/stm32f1xx_hal_cortex.o
 .text.HAL_NVIC_SetPriorityGrouping
                0x0800213c       0x16 ./Drivers/STM32F1xx_HAL_Driver/Src/stm32f1xx_hal_cortex.o
                0x0800213c                HAL_NVIC_SetPriorityGrouping
 .text.HAL_NVIC_SetPriority
                0x08002152       0x38 ./Drivers/STM32F1xx_HAL_Driver/Src/stm32f1xx_hal_cortex.o
                0x08002152                HAL_NVIC_SetPriority
 .text.HAL_NVIC_EnableIRQ
                0x0800218a       0x1c ./Drivers/STM32F1xx_HAL_Driver/Src/stm32f1xx_hal_cortex.o
                0x0800218a                HAL_NVIC_EnableIRQ
 .text.HAL_SYSTICK_Config
                0x080021a6       0x18 ./Drivers/STM32F1xx_HAL_Driver/Src/stm32f1xx_hal_cortex.o
                0x080021a6                HAL_SYSTICK_Config
 *fill*         0x080021be        0x2 
 .text.HAL_GPIO_Init
                0x080021c0      0x308 ./Drivers/STM32F1xx_HAL_Driver/Src/stm32f1xx_hal_gpio.o
                0x080021c0                HAL_GPIO_Init
 .text.HAL_GPIO_WritePin
                0x080024c8       0x30 ./Drivers/STM32F1xx_HAL_Driver/Src/stm32f1xx_hal_gpio.o
                0x080024c8                HAL_GPIO_WritePin
 .text.HAL_GPIO_TogglePin
                0x080024f8       0x32 ./Drivers/STM32F1xx_HAL_Driver/Src/stm32f1xx_hal_gpio.o
                0x080024f8                HAL_GPIO_TogglePin
 *fill*         0x0800252a        0x2 
 .text.HAL_RCC_OscConfig
                0x0800252c      0x504 ./Drivers/STM32F1xx_HAL_Driver/Src/stm32f1xx_hal_rcc.o
                0x0800252c                HAL_RCC_OscConfig
 .text.HAL_RCC_ClockConfig
                0x08002a30      0x1d4 ./Drivers/STM32F1xx_HAL_Driver/Src/stm32f1xx_hal_rcc.o
                0x08002a30                HAL_RCC_ClockConfig
 .text.HAL_RCC_GetSysClockFreq
                0x08002c04       0xa8 ./Drivers/STM32F1xx_HAL_Driver/Src/stm32f1xx_hal_rcc.o
                0x08002c04                HAL_RCC_GetSysClockFreq
 .text.HAL_RCC_GetHCLKFreq
                0x08002cac       0x14 ./Drivers/STM32F1xx_HAL_Driver/Src/stm32f1xx_hal_rcc.o
                0x08002cac                HAL_RCC_GetHCLKFreq
 .text.HAL_RCC_GetPCLK2Freq
                0x08002cc0       0x28 ./Drivers/STM32F1xx_HAL_Driver/Src/stm32f1xx_hal_rcc.o
                0x08002cc0                HAL_RCC_GetPCLK2Freq
 .text.RCC_Delay
                0x08002ce8       0x3c ./Drivers/STM32F1xx_HAL_Driver/Src/stm32f1xx_hal_rcc.o
 .text.HAL_RCCEx_PeriphCLKConfig
                0x08002d24      0x16c ./Drivers/STM32F1xx_HAL_Driver/Src/stm32f1xx_hal_rcc_ex.o
                0x08002d24                HAL_RCCEx_PeriphCLKConfig
 .text.HAL_RCCEx_GetPeriphCLKFreq
                0x08002e90      0x16c ./Drivers/STM32F1xx_HAL_Driver/Src/stm32f1xx_hal_rcc_ex.o
                0x08002e90                HAL_RCCEx_GetPeriphCLKFreq
 .text.HAL_TIM_Base_Init
                0x08002ffc       0x9e ./Drivers/STM32F1xx_HAL_Driver/Src/stm32f1xx_hal_tim.o
                0x08002ffc                HAL_TIM_Base_Init
 *fill*         0x0800309a        0x2 
 .text.HAL_TIM_Base_Start_IT
                0x0800309c       0xa4 ./Drivers/STM32F1xx_HAL_Driver/Src/stm32f1xx_hal_tim.o
                0x0800309c                HAL_TIM_Base_Start_IT
 .text.HAL_TIM_PWM_Init
                0x08003140       0x9e ./Drivers/STM32F1xx_HAL_Driver/Src/stm32f1xx_hal_tim.o
                0x08003140                HAL_TIM_PWM_Init
 .text.HAL_TIM_PWM_MspInit
                0x080031de       0x12 ./Drivers/STM32F1xx_HAL_Driver/Src/stm32f1xx_hal_tim.o
                0x080031de                HAL_TIM_PWM_MspInit
 .text.HAL_TIM_PWM_Start
                0x080031f0      0x144 ./Drivers/STM32F1xx_HAL_Driver/Src/stm32f1xx_hal_tim.o
                0x080031f0                HAL_TIM_PWM_Start
 .text.HAL_TIM_Encoder_Init
                0x08003334      0x144 ./Drivers/STM32F1xx_HAL_Driver/Src/stm32f1xx_hal_tim.o
                0x08003334                HAL_TIM_Encoder_Init
 .text.HAL_TIM_Encoder_Start_IT
                0x08003478      0x15c ./Drivers/STM32F1xx_HAL_Driver/Src/stm32f1xx_hal_tim.o
                0x08003478                HAL_TIM_Encoder_Start_IT
 .text.HAL_TIM_IRQHandler
                0x080035d4      0x1e0 ./Drivers/STM32F1xx_HAL_Driver/Src/stm32f1xx_hal_tim.o
                0x080035d4                HAL_TIM_IRQHandler
 .text.HAL_TIM_PWM_ConfigChannel
                0x080037b4      0x184 ./Drivers/STM32F1xx_HAL_Driver/Src/stm32f1xx_hal_tim.o
                0x080037b4                HAL_TIM_PWM_ConfigChannel
 .text.HAL_TIM_ConfigClockSource
                0x08003938      0x18e ./Drivers/STM32F1xx_HAL_Driver/Src/stm32f1xx_hal_tim.o
                0x08003938                HAL_TIM_ConfigClockSource
 .text.HAL_TIM_OC_DelayElapsedCallback
                0x08003ac6       0x12 ./Drivers/STM32F1xx_HAL_Driver/Src/stm32f1xx_hal_tim.o
                0x08003ac6                HAL_TIM_OC_DelayElapsedCallback
 .text.HAL_TIM_PWM_PulseFinishedCallback
                0x08003ad8       0x12 ./Drivers/STM32F1xx_HAL_Driver/Src/stm32f1xx_hal_tim.o
                0x08003ad8                HAL_TIM_PWM_PulseFinishedCallback
 .text.HAL_TIM_TriggerCallback
                0x08003aea       0x12 ./Drivers/STM32F1xx_HAL_Driver/Src/stm32f1xx_hal_tim.o
                0x08003aea                HAL_TIM_TriggerCallback
 .text.TIM_Base_SetConfig
                0x08003afc       0xdc ./Drivers/STM32F1xx_HAL_Driver/Src/stm32f1xx_hal_tim.o
                0x08003afc                TIM_Base_SetConfig
 .text.TIM_OC1_SetConfig
                0x08003bd8       0xcc ./Drivers/STM32F1xx_HAL_Driver/Src/stm32f1xx_hal_tim.o
 .text.TIM_OC2_SetConfig
                0x08003ca4       0xd4 ./Drivers/STM32F1xx_HAL_Driver/Src/stm32f1xx_hal_tim.o
                0x08003ca4                TIM_OC2_SetConfig
 .text.TIM_OC3_SetConfig
                0x08003d78       0xd4 ./Drivers/STM32F1xx_HAL_Driver/Src/stm32f1xx_hal_tim.o
 .text.TIM_OC4_SetConfig
                0x08003e4c       0x9c ./Drivers/STM32F1xx_HAL_Driver/Src/stm32f1xx_hal_tim.o
 .text.TIM_TI1_ConfigInputStage
                0x08003ee8       0x5c ./Drivers/STM32F1xx_HAL_Driver/Src/stm32f1xx_hal_tim.o
 .text.TIM_TI2_ConfigInputStage
                0x08003f44       0x5e ./Drivers/STM32F1xx_HAL_Driver/Src/stm32f1xx_hal_tim.o
 .text.TIM_ITRx_SetConfig
                0x08003fa2       0x34 ./Drivers/STM32F1xx_HAL_Driver/Src/stm32f1xx_hal_tim.o
 .text.TIM_ETR_SetConfig
                0x08003fd6       0x3e ./Drivers/STM32F1xx_HAL_Driver/Src/stm32f1xx_hal_tim.o
                0x08003fd6                TIM_ETR_SetConfig
 .text.TIM_CCxChannelCmd
                0x08004014       0x48 ./Drivers/STM32F1xx_HAL_Driver/Src/stm32f1xx_hal_tim.o
                0x08004014                TIM_CCxChannelCmd
 .text.HAL_TIMEx_MasterConfigSynchronization
                0x0800405c       0xbc ./Drivers/STM32F1xx_HAL_Driver/Src/stm32f1xx_hal_tim_ex.o
                0x0800405c                HAL_TIMEx_MasterConfigSynchronization
 .text.HAL_TIMEx_CommutCallback
                0x08004118       0x12 ./Drivers/STM32F1xx_HAL_Driver/Src/stm32f1xx_hal_tim_ex.o
                0x08004118                HAL_TIMEx_CommutCallback
 .text.HAL_TIMEx_BreakCallback
                0x0800412a       0x12 ./Drivers/STM32F1xx_HAL_Driver/Src/stm32f1xx_hal_tim_ex.o
                0x0800412a                HAL_TIMEx_BreakCallback
 .text.memset   0x0800413c       0x10 /Applications/STM32CubeIDE.app/Contents/Eclipse/plugins/com.st.stm32cube.ide.mcu.externaltools.gnu-tools-for-stm32.13.3.rel1.macos64_1.0.0.202411102158/tools/bin/../lib/gcc/arm-none-eabi/13.3.1/../../../../arm-none-eabi/lib/thumb/v7-m/nofp/libc_nano.a(libc_a-memset.o)
                0x0800413c                memset
 .text.__libc_init_array
                0x0800414c       0x48 /Applications/STM32CubeIDE.app/Contents/Eclipse/plugins/com.st.stm32cube.ide.mcu.externaltools.gnu-tools-for-stm32.13.3.rel1.macos64_1.0.0.202411102158/tools/bin/../lib/gcc/arm-none-eabi/13.3.1/../../../../arm-none-eabi/lib/thumb/v7-m/nofp/libc_nano.a(libc_a-init.o)
                0x0800414c                __libc_init_array
 *(.glue_7)
 .glue_7        0x08004194        0x0 linker stubs
 *(.glue_7t)
 .glue_7t       0x08004194        0x0 linker stubs
 *(.eh_frame)
 .eh_frame      0x08004194        0x0 /Applications/STM32CubeIDE.app/Contents/Eclipse/plugins/com.st.stm32cube.ide.mcu.externaltools.gnu-tools-for-stm32.13.3.rel1.macos64_1.0.0.202411102158/tools/bin/../lib/gcc/arm-none-eabi/13.3.1/thumb/v7-m/nofp/crtbegin.o
 *(.init)
 .init          0x08004194        0x4 /Applications/STM32CubeIDE.app/Contents/Eclipse/plugins/com.st.stm32cube.ide.mcu.externaltools.gnu-tools-for-stm32.13.3.rel1.macos64_1.0.0.202411102158/tools/bin/../lib/gcc/arm-none-eabi/13.3.1/thumb/v7-m/nofp/crti.o
                0x08004194                _init
 .init          0x08004198        0x8 /Applications/STM32CubeIDE.app/Contents/Eclipse/plugins/com.st.stm32cube.ide.mcu.externaltools.gnu-tools-for-stm32.13.3.rel1.macos64_1.0.0.202411102158/tools/bin/../lib/gcc/arm-none-eabi/13.3.1/thumb/v7-m/nofp/crtn.o
 *(.fini)
 .fini          0x080041a0        0x4 /Applications/STM32CubeIDE.app/Contents/Eclipse/plugins/com.st.stm32cube.ide.mcu.externaltools.gnu-tools-for-stm32.13.3.rel1.macos64_1.0.0.202411102158/tools/bin/../lib/gcc/arm-none-eabi/13.3.1/thumb/v7-m/nofp/crti.o
                0x080041a0                _fini
 .fini          0x080041a4        0x8 /Applications/STM32CubeIDE.app/Contents/Eclipse/plugins/com.st.stm32cube.ide.mcu.externaltools.gnu-tools-for-stm32.13.3.rel1.macos64_1.0.0.202411102158/tools/bin/../lib/gcc/arm-none-eabi/13.3.1/thumb/v7-m/nofp/crtn.o
                0x080041ac                        . = ALIGN (0x4)
                0x080041ac                        _etext = .

.vfp11_veneer   0x080041ac        0x0
 .vfp11_veneer  0x080041ac        0x0 linker stubs

.v4_bx          0x080041ac        0x0
 .v4_bx         0x080041ac        0x0 linker stubs

.iplt           0x080041ac        0x0
 .iplt          0x080041ac        0x0 /Applications/STM32CubeIDE.app/Contents/Eclipse/plugins/com.st.stm32cube.ide.mcu.externaltools.gnu-tools-for-stm32.13.3.rel1.macos64_1.0.0.202411102158/tools/bin/../lib/gcc/arm-none-eabi/13.3.1/thumb/v7-m/nofp/crtbegin.o

.rodata         0x080041ac       0x40
                0x080041ac                        . = ALIGN (0x4)
 *(.rodata)
 *(.rodata*)
 .rodata.AHBPrescTable
                0x080041ac       0x10 ./Core/Src/system_stm32f1xx.o
                0x080041ac                AHBPrescTable
 .rodata.APBPrescTable
                0x080041bc        0x8 ./Core/Src/system_stm32f1xx.o
                0x080041bc                APBPrescTable
 .rodata.aPLLMULFactorTable.1
                0x080041c4       0x10 ./Drivers/STM32F1xx_HAL_Driver/Src/stm32f1xx_hal_rcc.o
 .rodata.aPredivFactorTable.0
                0x080041d4        0x2 ./Drivers/STM32F1xx_HAL_Driver/Src/stm32f1xx_hal_rcc.o
 *fill*         0x080041d6        0x2 
 .rodata.aPLLMULFactorTable.1
                0x080041d8       0x10 ./Drivers/STM32F1xx_HAL_Driver/Src/stm32f1xx_hal_rcc_ex.o
 .rodata.aPredivFactorTable.0
                0x080041e8        0x2 ./Drivers/STM32F1xx_HAL_Driver/Src/stm32f1xx_hal_rcc_ex.o
                0x080041ec                        . = ALIGN (0x4)
 *fill*         0x080041ea        0x2 

.ARM.extab      0x080041ec        0x0
                0x080041ec                        . = ALIGN (0x4)
 *(.ARM.extab* .gnu.linkonce.armextab.*)
                0x080041ec                        . = ALIGN (0x4)

.ARM            0x080041ec        0x0
                0x080041ec                        . = ALIGN (0x4)
                0x080041ec                        __exidx_start = .
 *(.ARM.exidx*)
                0x080041ec                        __exidx_end = .
                0x080041ec                        . = ALIGN (0x4)

.preinit_array  0x080041ec        0x0
                0x080041ec                        . = ALIGN (0x4)
                0x080041ec                        PROVIDE (__preinit_array_start = .)
 *(.preinit_array*)
                0x080041ec                        PROVIDE (__preinit_array_end = .)
                0x080041ec                        . = ALIGN (0x4)

.init_array     0x080041ec        0x4
                0x080041ec                        . = ALIGN (0x4)
                0x080041ec                        PROVIDE (__init_array_start = .)
 *(SORT_BY_NAME(.init_array.*))
 *(.init_array*)
 .init_array    0x080041ec        0x4 /Applications/STM32CubeIDE.app/Contents/Eclipse/plugins/com.st.stm32cube.ide.mcu.externaltools.gnu-tools-for-stm32.13.3.rel1.macos64_1.0.0.202411102158/tools/bin/../lib/gcc/arm-none-eabi/13.3.1/thumb/v7-m/nofp/crtbegin.o
                0x080041f0                        PROVIDE (__init_array_end = .)
                0x080041f0                        . = ALIGN (0x4)

.fini_array     0x080041f0        0x4
                0x080041f0                        . = ALIGN (0x4)
                [!provide]                        PROVIDE (__fini_array_start = .)
 *(SORT_BY_NAME(.fini_array.*))
 *(.fini_array*)
 .fini_array    0x080041f0        0x4 /Applications/STM32CubeIDE.app/Contents/Eclipse/plugins/com.st.stm32cube.ide.mcu.externaltools.gnu-tools-for-stm32.13.3.rel1.macos64_1.0.0.202411102158/tools/bin/../lib/gcc/arm-none-eabi/13.3.1/thumb/v7-m/nofp/crtbegin.o
                [!provide]                        PROVIDE (__fini_array_end = .)
                0x080041f4                        . = ALIGN (0x4)
                0x080041f4                        _sidata = LOADADDR (.data)

.rel.dyn        0x080041f4        0x0
 .rel.iplt      0x080041f4        0x0 /Applications/STM32CubeIDE.app/Contents/Eclipse/plugins/com.st.stm32cube.ide.mcu.externaltools.gnu-tools-for-stm32.13.3.rel1.macos64_1.0.0.202411102158/tools/bin/../lib/gcc/arm-none-eabi/13.3.1/thumb/v7-m/nofp/crtbegin.o

.data           0x20000000        0xc load address 0x080041f4
                0x20000000                        . = ALIGN (0x4)
                0x20000000                        _sdata = .
 *(.data)
 *(.data*)
 .data.SystemCoreClock
                0x20000000        0x4 ./Core/Src/system_stm32f1xx.o
                0x20000000                SystemCoreClock
 .data.uwTickPrio
                0x20000004        0x4 ./Drivers/STM32F1xx_HAL_Driver/Src/stm32f1xx_hal.o
                0x20000004                uwTickPrio
 .data.uwTickFreq
                0x20000008        0x1 ./Drivers/STM32F1xx_HAL_Driver/Src/stm32f1xx_hal.o
                0x20000008                uwTickFreq
 *(.RamFunc)
 *(.RamFunc*)
                0x2000000c                        . = ALIGN (0x4)
 *fill*         0x20000009        0x3 
                0x2000000c                        _edata = .

.igot.plt       0x2000000c        0x0 load address 0x08004200
 .igot.plt      0x2000000c        0x0 /Applications/STM32CubeIDE.app/Contents/Eclipse/plugins/com.st.stm32cube.ide.mcu.externaltools.gnu-tools-for-stm32.13.3.rel1.macos64_1.0.0.202411102158/tools/bin/../lib/gcc/arm-none-eabi/13.3.1/thumb/v7-m/nofp/crtbegin.o
                0x2000000c                        . = ALIGN (0x4)

.bss            0x2000000c      0x144 load address 0x08004200
                0x2000000c                        _sbss = .
                0x2000000c                        __bss_start__ = _sbss
 *(.bss)
 .bss           0x2000000c       0x1c /Applications/STM32CubeIDE.app/Contents/Eclipse/plugins/com.st.stm32cube.ide.mcu.externaltools.gnu-tools-for-stm32.13.3.rel1.macos64_1.0.0.202411102158/tools/bin/../lib/gcc/arm-none-eabi/13.3.1/thumb/v7-m/nofp/crtbegin.o
 *(.bss*)
 .bss.hadc1     0x20000028       0x30 ./Core/Src/main.o
                0x20000028                hadc1
 .bss.htim2     0x20000058       0x48 ./Core/Src/main.o
                0x20000058                htim2
 .bss.htim3     0x200000a0       0x48 ./Core/Src/main.o
                0x200000a0                htim3
 .bss.htim4     0x200000e8       0x48 ./Core/Src/main.o
                0x200000e8                htim4
 .bss.dis_FL    0x20000130        0x2 ./Core/Src/main.o
                0x20000130                dis_FL
 .bss.dis_FR    0x20000132        0x2 ./Core/Src/main.o
                0x20000132                dis_FR
 .bss.dis_SL    0x20000134        0x2 ./Core/Src/main.o
                0x20000134                dis_SL
 .bss.dis_SR    0x20000136        0x2 ./Core/Src/main.o
                0x20000136                dis_SR
 .bss.encL      0x20000138        0x2 ./Core/Src/main.o
                0x20000138                encL
 .bss.encR      0x2000013a        0x2 ./Core/Src/main.o
                0x2000013a                encR
 .bss.prevEncL  0x2000013c        0x2 ./Core/Src/main.o
                0x2000013c                prevEncL
 .bss.prevEncR  0x2000013e        0x2 ./Core/Src/main.o
                0x2000013e                prevEncR
 .bss.encLmm    0x20000140        0x4 ./Core/Src/main.o
                0x20000140                encLmm
 .bss.encRmm    0x20000144        0x4 ./Core/Src/main.o
                0x20000144                encRmm
 .bss.dL        0x20000148        0x2 ./Core/Src/main.o
                0x20000148                dL
 .bss.dR        0x2000014a        0x2 ./Core/Src/main.o
                0x2000014a                dR
 .bss.uwTick    0x2000014c        0x4 ./Drivers/STM32F1xx_HAL_Driver/Src/stm32f1xx_hal.o
                0x2000014c                uwTick
 *(COMMON)
                0x20000150                        . = ALIGN (0x4)
                0x20000150                        _ebss = .
                0x20000150                        __bss_end__ = _ebss

._user_heap_stack
                0x20000150      0x600 load address 0x08004200
                0x20000150                        . = ALIGN (0x8)
                [!provide]                        PROVIDE (end = .)
                0x20000150                        PROVIDE (_end = .)
                0x20000350                        . = (. + _Min_Heap_Size)
 *fill*         0x20000150      0x200 
                0x20000750                        . = (. + _Min_Stack_Size)
 *fill*         0x20000350      0x400 
                0x20000750                        . = ALIGN (0x8)

/DISCARD/
 libc.a(*)
 libm.a(*)
 libgcc.a(*)

.ARM.attributes
                0x00000000       0x29
 *(.ARM.attributes)
 .ARM.attributes
                0x00000000       0x1d /Applications/STM32CubeIDE.app/Contents/Eclipse/plugins/com.st.stm32cube.ide.mcu.externaltools.gnu-tools-for-stm32.13.3.rel1.macos64_1.0.0.202411102158/tools/bin/../lib/gcc/arm-none-eabi/13.3.1/thumb/v7-m/nofp/crti.o
 .ARM.attributes
                0x0000001d       0x2d /Applications/STM32CubeIDE.app/Contents/Eclipse/plugins/com.st.stm32cube.ide.mcu.externaltools.gnu-tools-for-stm32.13.3.rel1.macos64_1.0.0.202411102158/tools/bin/../lib/gcc/arm-none-eabi/13.3.1/thumb/v7-m/nofp/crtbegin.o
 .ARM.attributes
                0x0000004a       0x2d ./Core/Src/adc_manager.o
 .ARM.attributes
                0x00000077       0x2d ./Core/Src/distance.o
 .ARM.attributes
                0x000000a4       0x2d ./Core/Src/main.o
 .ARM.attributes
                0x000000d1       0x2d ./Core/Src/motors.o
 .ARM.attributes
                0x000000fe       0x2d ./Core/Src/movement.o
 .ARM.attributes
                0x0000012b       0x2d ./Core/Src/stm32f1xx_hal_msp.o
 .ARM.attributes
                0x00000158       0x2d ./Core/Src/stm32f1xx_it.o
 .ARM.attributes
                0x00000185       0x2d ./Core/Src/system_stm32f1xx.o
 .ARM.attributes
                0x000001b2       0x21 ./Core/Startup/startup_stm32f103c8tx.o
 .ARM.attributes
                0x000001d3       0x2d ./Drivers/STM32F1xx_HAL_Driver/Src/stm32f1xx_hal.o
 .ARM.attributes
                0x00000200       0x2d ./Drivers/STM32F1xx_HAL_Driver/Src/stm32f1xx_hal_adc.o
 .ARM.attributes
                0x0000022d       0x2d ./Drivers/STM32F1xx_HAL_Driver/Src/stm32f1xx_hal_cortex.o
 .ARM.attributes
                0x0000025a       0x2d ./Drivers/STM32F1xx_HAL_Driver/Src/stm32f1xx_hal_gpio.o
 .ARM.attributes
                0x00000287       0x2d ./Drivers/STM32F1xx_HAL_Driver/Src/stm32f1xx_hal_rcc.o
 .ARM.attributes
                0x000002b4       0x2d ./Drivers/STM32F1xx_HAL_Driver/Src/stm32f1xx_hal_rcc_ex.o
 .ARM.attributes
                0x000002e1       0x2d ./Drivers/STM32F1xx_HAL_Driver/Src/stm32f1xx_hal_tim.o
 .ARM.attributes
                0x0000030e       0x2d ./Drivers/STM32F1xx_HAL_Driver/Src/stm32f1xx_hal_tim_ex.o
 .ARM.attributes
                0x0000033b       0x2d /Applications/STM32CubeIDE.app/Contents/Eclipse/plugins/com.st.stm32cube.ide.mcu.externaltools.gnu-tools-for-stm32.13.3.rel1.macos64_1.0.0.202411102158/tools/bin/../lib/gcc/arm-none-eabi/13.3.1/../../../../arm-none-eabi/lib/thumb/v7-m/nofp/libc_nano.a(libc_a-memset.o)
 .ARM.attributes
                0x00000368       0x2d /Applications/STM32CubeIDE.app/Contents/Eclipse/plugins/com.st.stm32cube.ide.mcu.externaltools.gnu-tools-for-stm32.13.3.rel1.macos64_1.0.0.202411102158/tools/bin/../lib/gcc/arm-none-eabi/13.3.1/../../../../arm-none-eabi/lib/thumb/v7-m/nofp/libc_nano.a(libc_a-init.o)
 .ARM.attributes
                0x00000395       0x1d /Applications/STM32CubeIDE.app/Contents/Eclipse/plugins/com.st.stm32cube.ide.mcu.externaltools.gnu-tools-for-stm32.13.3.rel1.macos64_1.0.0.202411102158/tools/bin/../lib/gcc/arm-none-eabi/13.3.1/thumb/v7-m/nofp/libgcc.a(_arm_addsubsf3.o)
 .ARM.attributes
                0x000003b2       0x1d /Applications/STM32CubeIDE.app/Contents/Eclipse/plugins/com.st.stm32cube.ide.mcu.externaltools.gnu-tools-for-stm32.13.3.rel1.macos64_1.0.0.202411102158/tools/bin/../lib/gcc/arm-none-eabi/13.3.1/thumb/v7-m/nofp/libgcc.a(_arm_muldivsf3.o)
 .ARM.attributes
                0x000003cf       0x1d /Applications/STM32CubeIDE.app/Contents/Eclipse/plugins/com.st.stm32cube.ide.mcu.externaltools.gnu-tools-for-stm32.13.3.rel1.macos64_1.0.0.202411102158/tools/bin/../lib/gcc/arm-none-eabi/13.3.1/thumb/v7-m/nofp/libgcc.a(_arm_cmpsf2.o)
 .ARM.attributes
                0x000003ec       0x1d /Applications/STM32CubeIDE.app/Contents/Eclipse/plugins/com.st.stm32cube.ide.mcu.externaltools.gnu-tools-for-stm32.13.3.rel1.macos64_1.0.0.202411102158/tools/bin/../lib/gcc/arm-none-eabi/13.3.1/thumb/v7-m/nofp/libgcc.a(_arm_fixunssfsi.o)
 .ARM.attributes
                0x00000409       0x1d /Applications/STM32CubeIDE.app/Contents/Eclipse/plugins/com.st.stm32cube.ide.mcu.externaltools.gnu-tools-for-stm32.13.3.rel1.macos64_1.0.0.202411102158/tools/bin/../lib/gcc/arm-none-eabi/13.3.1/thumb/v7-m/nofp/crtn.o
OUTPUT(CHOAM.elf elf32-littlearm)
LOAD linker stubs
LOAD /Applications/STM32CubeIDE.app/Contents/Eclipse/plugins/com.st.stm32cube.ide.mcu.externaltools.gnu-tools-for-stm32.13.3.rel1.macos64_1.0.0.202411102158/tools/bin/../lib/gcc/arm-none-eabi/13.3.1/../../../../arm-none-eabi/lib/thumb/v7-m/nofp/libc.a
LOAD /Applications/STM32CubeIDE.app/Contents/Eclipse/plugins/com.st.stm32cube.ide.mcu.externaltools.gnu-tools-for-stm32.13.3.rel1.macos64_1.0.0.202411102158/tools/bin/../lib/gcc/arm-none-eabi/13.3.1/../../../../arm-none-eabi/lib/thumb/v7-m/nofp/libm.a
LOAD /Applications/STM32CubeIDE.app/Contents/Eclipse/plugins/com.st.stm32cube.ide.mcu.externaltools.gnu-tools-for-stm32.13.3.rel1.macos64_1.0.0.202411102158/tools/bin/../lib/gcc/arm-none-eabi/13.3.1/thumb/v7-m/nofp/libgcc.a

.debug_info     0x00000000     0xa928
 .debug_info    0x00000000      0x5de ./Core/Src/adc_manager.o
 .debug_info    0x000005de      0x6cd ./Core/Src/distance.o
 .debug_info    0x00000cab     0x1320 ./Core/Src/main.o
 .debug_info    0x00001fcb      0x1a6 ./Core/Src/motors.o
 .debug_info    0x00002171      0x378 ./Core/Src/movement.o
 .debug_info    0x000024e9      0xe0b ./Core/Src/stm32f1xx_hal_msp.o
 .debug_info    0x000032f4      0x6d3 ./Core/Src/stm32f1xx_it.o
 .debug_info    0x000039c7      0x222 ./Core/Src/system_stm32f1xx.o
 .debug_info    0x00003be9       0x30 ./Core/Startup/startup_stm32f103c8tx.o
 .debug_info    0x00003c19      0x704 ./Drivers/STM32F1xx_HAL_Driver/Src/stm32f1xx_hal.o
 .debug_info    0x0000431d      0xc50 ./Drivers/STM32F1xx_HAL_Driver/Src/stm32f1xx_hal_adc.o
 .debug_info    0x00004f6d      0xa87 ./Drivers/STM32F1xx_HAL_Driver/Src/stm32f1xx_hal_cortex.o
 .debug_info    0x000059f4      0x5ab ./Drivers/STM32F1xx_HAL_Driver/Src/stm32f1xx_hal_gpio.o
 .debug_info    0x00005f9f      0x7d5 ./Drivers/STM32F1xx_HAL_Driver/Src/stm32f1xx_hal_rcc.o
 .debug_info    0x00006774      0x3c0 ./Drivers/STM32F1xx_HAL_Driver/Src/stm32f1xx_hal_rcc_ex.o
 .debug_info    0x00006b34     0x2959 ./Drivers/STM32F1xx_HAL_Driver/Src/stm32f1xx_hal_tim.o
 .debug_info    0x0000948d     0x149b ./Drivers/STM32F1xx_HAL_Driver/Src/stm32f1xx_hal_tim_ex.o

.debug_abbrev   0x00000000     0x1ff5
 .debug_abbrev  0x00000000      0x197 ./Core/Src/adc_manager.o
 .debug_abbrev  0x00000197      0x1a3 ./Core/Src/distance.o
 .debug_abbrev  0x0000033a      0x30e ./Core/Src/main.o
 .debug_abbrev  0x00000648      0x10e ./Core/Src/motors.o
 .debug_abbrev  0x00000756      0x177 ./Core/Src/movement.o
 .debug_abbrev  0x000008cd      0x216 ./Core/Src/stm32f1xx_hal_msp.o
 .debug_abbrev  0x00000ae3      0x193 ./Core/Src/stm32f1xx_it.o
 .debug_abbrev  0x00000c76      0x13f ./Core/Src/system_stm32f1xx.o
 .debug_abbrev  0x00000db5       0x24 ./Core/Startup/startup_stm32f103c8tx.o
 .debug_abbrev  0x00000dd9      0x201 ./Drivers/STM32F1xx_HAL_Driver/Src/stm32f1xx_hal.o
 .debug_abbrev  0x00000fda      0x225 ./Drivers/STM32F1xx_HAL_Driver/Src/stm32f1xx_hal_adc.o
 .debug_abbrev  0x000011ff      0x2f8 ./Drivers/STM32F1xx_HAL_Driver/Src/stm32f1xx_hal_cortex.o
 .debug_abbrev  0x000014f7      0x1ca ./Drivers/STM32F1xx_HAL_Driver/Src/stm32f1xx_hal_gpio.o
 .debug_abbrev  0x000016c1      0x2b3 ./Drivers/STM32F1xx_HAL_Driver/Src/stm32f1xx_hal_rcc.o
 .debug_abbrev  0x00001974      0x188 ./Drivers/STM32F1xx_HAL_Driver/Src/stm32f1xx_hal_rcc_ex.o
 .debug_abbrev  0x00001afc      0x277 ./Drivers/STM32F1xx_HAL_Driver/Src/stm32f1xx_hal_tim.o
 .debug_abbrev  0x00001d73      0x282 ./Drivers/STM32F1xx_HAL_Driver/Src/stm32f1xx_hal_tim_ex.o

.debug_aranges  0x00000000      0xb70
 .debug_aranges
                0x00000000       0x38 ./Core/Src/adc_manager.o
 .debug_aranges
                0x00000038       0x20 ./Core/Src/distance.o
 .debug_aranges
                0x00000058       0x68 ./Core/Src/main.o
 .debug_aranges
                0x000000c0       0x28 ./Core/Src/motors.o
 .debug_aranges
                0x000000e8       0x48 ./Core/Src/movement.o
 .debug_aranges
                0x00000130       0x58 ./Core/Src/stm32f1xx_hal_msp.o
 .debug_aranges
                0x00000188       0x78 ./Core/Src/stm32f1xx_it.o
 .debug_aranges
                0x00000200       0x28 ./Core/Src/system_stm32f1xx.o
 .debug_aranges
                0x00000228       0x28 ./Core/Startup/startup_stm32f103c8tx.o
 .debug_aranges
                0x00000250       0xe0 ./Drivers/STM32F1xx_HAL_Driver/Src/stm32f1xx_hal.o
 .debug_aranges
                0x00000330       0xf0 ./Drivers/STM32F1xx_HAL_Driver/Src/stm32f1xx_hal_adc.o
 .debug_aranges
                0x00000420      0x100 ./Drivers/STM32F1xx_HAL_Driver/Src/stm32f1xx_hal_cortex.o
 .debug_aranges
                0x00000520       0x58 ./Drivers/STM32F1xx_HAL_Driver/Src/stm32f1xx_hal_gpio.o
 .debug_aranges
                0x00000578       0x90 ./Drivers/STM32F1xx_HAL_Driver/Src/stm32f1xx_hal_rcc.o
 .debug_aranges
                0x00000608       0x30 ./Drivers/STM32F1xx_HAL_Driver/Src/stm32f1xx_hal_rcc_ex.o
 .debug_aranges
                0x00000638      0x3d0 ./Drivers/STM32F1xx_HAL_Driver/Src/stm32f1xx_hal_tim.o
 .debug_aranges
                0x00000a08      0x168 ./Drivers/STM32F1xx_HAL_Driver/Src/stm32f1xx_hal_tim_ex.o

.debug_rnglists
                0x00000000      0x8c2
 .debug_rnglists
                0x00000000       0x25 ./Core/Src/adc_manager.o
 .debug_rnglists
                0x00000025       0x14 ./Core/Src/distance.o
 .debug_rnglists
                0x00000039       0x50 ./Core/Src/main.o
 .debug_rnglists
                0x00000089       0x19 ./Core/Src/motors.o
 .debug_rnglists
                0x000000a2       0x34 ./Core/Src/movement.o
 .debug_rnglists
                0x000000d6       0x3f ./Core/Src/stm32f1xx_hal_msp.o
 .debug_rnglists
                0x00000115       0x55 ./Core/Src/stm32f1xx_it.o
 .debug_rnglists
                0x0000016a       0x1a ./Core/Src/system_stm32f1xx.o
 .debug_rnglists
                0x00000184       0x19 ./Core/Startup/startup_stm32f103c8tx.o
 .debug_rnglists
                0x0000019d       0xa3 ./Drivers/STM32F1xx_HAL_Driver/Src/stm32f1xx_hal.o
 .debug_rnglists
                0x00000240       0xbc ./Drivers/STM32F1xx_HAL_Driver/Src/stm32f1xx_hal_adc.o
 .debug_rnglists
                0x000002fc       0xbb ./Drivers/STM32F1xx_HAL_Driver/Src/stm32f1xx_hal_cortex.o
 .debug_rnglists
                0x000003b7       0x3f ./Drivers/STM32F1xx_HAL_Driver/Src/stm32f1xx_hal_gpio.o
 .debug_rnglists
                0x000003f6       0x6c ./Drivers/STM32F1xx_HAL_Driver/Src/stm32f1xx_hal_rcc.o
 .debug_rnglists
                0x00000462       0x21 ./Drivers/STM32F1xx_HAL_Driver/Src/stm32f1xx_hal_rcc_ex.o
 .debug_rnglists
                0x00000483      0x31a ./Drivers/STM32F1xx_HAL_Driver/Src/stm32f1xx_hal_tim.o
 .debug_rnglists
                0x0000079d      0x125 ./Drivers/STM32F1xx_HAL_Driver/Src/stm32f1xx_hal_tim_ex.o

.debug_macro    0x00000000    0x18356
 .debug_macro   0x00000000      0x1ca ./Core/Src/adc_manager.o
 .debug_macro   0x000001ca      0xacc ./Core/Src/adc_manager.o
 .debug_macro   0x00000c96      0x21b ./Core/Src/adc_manager.o
 .debug_macro   0x00000eb1       0x2e ./Core/Src/adc_manager.o
 .debug_macro   0x00000edf       0x22 ./Core/Src/adc_manager.o
 .debug_macro   0x00000f01       0x22 ./Core/Src/adc_manager.o
 .debug_macro   0x00000f23       0x8e ./Core/Src/adc_manager.o
 .debug_macro   0x00000fb1       0x51 ./Core/Src/adc_manager.o
 .debug_macro   0x00001002      0x103 ./Core/Src/adc_manager.o
 .debug_macro   0x00001105       0x6a ./Core/Src/adc_manager.o
 .debug_macro   0x0000116f      0x1df ./Core/Src/adc_manager.o
 .debug_macro   0x0000134e       0x1c ./Core/Src/adc_manager.o
 .debug_macro   0x0000136a       0x22 ./Core/Src/adc_manager.o
 .debug_macro   0x0000138c       0xbd ./Core/Src/adc_manager.o
 .debug_macro   0x00001449      0xd23 ./Core/Src/adc_manager.o
 .debug_macro   0x0000216c     0xe09e ./Core/Src/adc_manager.o
 .debug_macro   0x0001020a       0x6d ./Core/Src/adc_manager.o
 .debug_macro   0x00010277     0x34a2 ./Core/Src/adc_manager.o
 .debug_macro   0x00013719      0x190 ./Core/Src/adc_manager.o
 .debug_macro   0x000138a9       0x5c ./Core/Src/adc_manager.o
 .debug_macro   0x00013905      0x5bc ./Core/Src/adc_manager.o
 .debug_macro   0x00013ec1      0x289 ./Core/Src/adc_manager.o
 .debug_macro   0x0001414a      0x1cb ./Core/Src/adc_manager.o
 .debug_macro   0x00014315      0x114 ./Core/Src/adc_manager.o
 .debug_macro   0x00014429      0x1b2 ./Core/Src/adc_manager.o
 .debug_macro   0x000145db       0x27 ./Core/Src/adc_manager.o
 .debug_macro   0x00014602      0x136 ./Core/Src/adc_manager.o
 .debug_macro   0x00014738      0x1bc ./Core/Src/adc_manager.o
 .debug_macro   0x000148f4       0x34 ./Core/Src/adc_manager.o
 .debug_macro   0x00014928       0x3c ./Core/Src/adc_manager.o
 .debug_macro   0x00014964       0x57 ./Core/Src/adc_manager.o
 .debug_macro   0x000149bb      0x46a ./Core/Src/adc_manager.o
 .debug_macro   0x00014e25      0x1b5 ./Core/Src/adc_manager.o
 .debug_macro   0x00014fda       0x87 ./Core/Src/adc_manager.o
 .debug_macro   0x00015061      0x240 ./Core/Src/adc_manager.o
 .debug_macro   0x000152a1      0x140 ./Core/Src/adc_manager.o
 .debug_macro   0x000153e1      0x8ed ./Core/Src/adc_manager.o
 .debug_macro   0x00015cce       0x83 ./Core/Src/adc_manager.o
 .debug_macro   0x00015d51      0x124 ./Core/Src/adc_manager.o
 .debug_macro   0x00015e75      0x1d4 ./Core/Src/distance.o
 .debug_macro   0x00016049      0x1f1 ./Core/Src/main.o
 .debug_macro   0x0001623a       0x4c ./Core/Src/main.o
 .debug_macro   0x00016286      0x1ca ./Core/Src/motors.o
 .debug_macro   0x00016450      0x27e ./Core/Src/movement.o
 .debug_macro   0x000166ce       0x61 ./Core/Src/movement.o
 .debug_macro   0x0001672f       0x24 ./Core/Src/movement.o
 .debug_macro   0x00016753       0x43 ./Core/Src/movement.o
 .debug_macro   0x00016796       0x34 ./Core/Src/movement.o
 .debug_macro   0x000167ca      0x370 ./Core/Src/movement.o
 .debug_macro   0x00016b3a       0x16 ./Core/Src/movement.o
 .debug_macro   0x00016b50       0x4a ./Core/Src/movement.o
 .debug_macro   0x00016b9a       0x34 ./Core/Src/movement.o
 .debug_macro   0x00016bce       0x10 ./Core/Src/movement.o
 .debug_macro   0x00016bde       0x58 ./Core/Src/movement.o
 .debug_macro   0x00016c36       0x8e ./Core/Src/movement.o
 .debug_macro   0x00016cc4       0x1c ./Core/Src/movement.o
 .debug_macro   0x00016ce0      0x185 ./Core/Src/movement.o
 .debug_macro   0x00016e65      0x19b ./Core/Src/movement.o
 .debug_macro   0x00017000      0x1bc ./Core/Src/stm32f1xx_hal_msp.o
 .debug_macro   0x000171bc      0x1c6 ./Core/Src/stm32f1xx_it.o
 .debug_macro   0x00017382      0x1ad ./Core/Src/system_stm32f1xx.o
 .debug_macro   0x0001752f      0x1d1 ./Drivers/STM32F1xx_HAL_Driver/Src/stm32f1xx_hal.o
 .debug_macro   0x00017700      0x1ca ./Drivers/STM32F1xx_HAL_Driver/Src/stm32f1xx_hal_adc.o
 .debug_macro   0x000178ca      0x1ad ./Drivers/STM32F1xx_HAL_Driver/Src/stm32f1xx_hal_cortex.o
 .debug_macro   0x00017a77      0x218 ./Drivers/STM32F1xx_HAL_Driver/Src/stm32f1xx_hal_gpio.o
 .debug_macro   0x00017c8f      0x1bf ./Drivers/STM32F1xx_HAL_Driver/Src/stm32f1xx_hal_rcc.o
 .debug_macro   0x00017e4e      0x1ad ./Drivers/STM32F1xx_HAL_Driver/Src/stm32f1xx_hal_rcc_ex.o
 .debug_macro   0x00017ffb      0x1ae ./Drivers/STM32F1xx_HAL_Driver/Src/stm32f1xx_hal_tim.o
 .debug_macro   0x000181a9      0x1ad ./Drivers/STM32F1xx_HAL_Driver/Src/stm32f1xx_hal_tim_ex.o

.debug_line     0x00000000     0xd179
 .debug_line    0x00000000      0x74f ./Core/Src/adc_manager.o
 .debug_line    0x0000074f      0x716 ./Core/Src/distance.o
 .debug_line    0x00000e65      0xa30 ./Core/Src/main.o
 .debug_line    0x00001895      0x6d7 ./Core/Src/motors.o
 .debug_line    0x00001f6c      0x9fc ./Core/Src/movement.o
 .debug_line    0x00002968      0x7de ./Core/Src/stm32f1xx_hal_msp.o
 .debug_line    0x00003146      0x7a1 ./Core/Src/stm32f1xx_it.o
 .debug_line    0x000038e7      0x729 ./Core/Src/system_stm32f1xx.o
 .debug_line    0x00004010       0x78 ./Core/Startup/startup_stm32f103c8tx.o
 .debug_line    0x00004088      0x95a ./Drivers/STM32F1xx_HAL_Driver/Src/stm32f1xx_hal.o
 .debug_line    0x000049e2      0xf7f ./Drivers/STM32F1xx_HAL_Driver/Src/stm32f1xx_hal_adc.o
 .debug_line    0x00005961      0xb24 ./Drivers/STM32F1xx_HAL_Driver/Src/stm32f1xx_hal_cortex.o
 .debug_line    0x00006485      0x9b7 ./Drivers/STM32F1xx_HAL_Driver/Src/stm32f1xx_hal_gpio.o
 .debug_line    0x00006e3c      0xe13 ./Drivers/STM32F1xx_HAL_Driver/Src/stm32f1xx_hal_rcc.o
 .debug_line    0x00007c4f      0x8c4 ./Drivers/STM32F1xx_HAL_Driver/Src/stm32f1xx_hal_rcc_ex.o
 .debug_line    0x00008513     0x3448 ./Drivers/STM32F1xx_HAL_Driver/Src/stm32f1xx_hal_tim.o
 .debug_line    0x0000b95b     0x181e ./Drivers/STM32F1xx_HAL_Driver/Src/stm32f1xx_hal_tim_ex.o

.debug_str      0x00000000    0x8d365
 .debug_str     0x00000000    0x8d365 ./Core/Src/adc_manager.o
                              0x86d08 (size before relaxing)
 .debug_str     0x0008d365    0x86ddb ./Core/Src/distance.o
 .debug_str     0x0008d365    0x8774e ./Core/Src/main.o
 .debug_str     0x0008d365    0x869b4 ./Core/Src/motors.o
 .debug_str     0x0008d365    0x8a49c ./Core/Src/movement.o
 .debug_str     0x0008d365    0x873c1 ./Core/Src/stm32f1xx_hal_msp.o
 .debug_str     0x0008d365    0x86ecd ./Core/Src/stm32f1xx_it.o
 .debug_str     0x0008d365    0x86561 ./Core/Src/system_stm32f1xx.o
 .debug_str     0x0008d365       0x8b ./Core/Startup/startup_stm32f103c8tx.o
 .debug_str     0x0008d365    0x86c94 ./Drivers/STM32F1xx_HAL_Driver/Src/stm32f1xx_hal.o
 .debug_str     0x0008d365    0x86c45 ./Drivers/STM32F1xx_HAL_Driver/Src/stm32f1xx_hal_adc.o
 .debug_str     0x0008d365    0x86be0 ./Drivers/STM32F1xx_HAL_Driver/Src/stm32f1xx_hal_cortex.o
 .debug_str     0x0008d365    0x868e7 ./Drivers/STM32F1xx_HAL_Driver/Src/stm32f1xx_hal_gpio.o
 .debug_str     0x0008d365    0x86990 ./Drivers/STM32F1xx_HAL_Driver/Src/stm32f1xx_hal_rcc.o
 .debug_str     0x0008d365    0x866e0 ./Drivers/STM32F1xx_HAL_Driver/Src/stm32f1xx_hal_rcc_ex.o
 .debug_str     0x0008d365    0x87992 ./Drivers/STM32F1xx_HAL_Driver/Src/stm32f1xx_hal_tim.o
 .debug_str     0x0008d365    0x8719e ./Drivers/STM32F1xx_HAL_Driver/Src/stm32f1xx_hal_tim_ex.o

.comment        0x00000000       0x43
 .comment       0x00000000       0x43 ./Core/Src/adc_manager.o
                                 0x44 (size before relaxing)
 .comment       0x00000043       0x44 ./Core/Src/distance.o
 .comment       0x00000043       0x44 ./Core/Src/main.o
 .comment       0x00000043       0x44 ./Core/Src/motors.o
 .comment       0x00000043       0x44 ./Core/Src/movement.o
 .comment       0x00000043       0x44 ./Core/Src/stm32f1xx_hal_msp.o
 .comment       0x00000043       0x44 ./Core/Src/stm32f1xx_it.o
 .comment       0x00000043       0x44 ./Core/Src/system_stm32f1xx.o
 .comment       0x00000043       0x44 ./Drivers/STM32F1xx_HAL_Driver/Src/stm32f1xx_hal.o
 .comment       0x00000043       0x44 ./Drivers/STM32F1xx_HAL_Driver/Src/stm32f1xx_hal_adc.o
 .comment       0x00000043       0x44 ./Drivers/STM32F1xx_HAL_Driver/Src/stm32f1xx_hal_cortex.o
 .comment       0x00000043       0x44 ./Drivers/STM32F1xx_HAL_Driver/Src/stm32f1xx_hal_gpio.o
 .comment       0x00000043       0x44 ./Drivers/STM32F1xx_HAL_Driver/Src/stm32f1xx_hal_rcc.o
 .comment       0x00000043       0x44 ./Drivers/STM32F1xx_HAL_Driver/Src/stm32f1xx_hal_rcc_ex.o
 .comment       0x00000043       0x44 ./Drivers/STM32F1xx_HAL_Driver/Src/stm32f1xx_hal_tim.o
 .comment       0x00000043       0x44 ./Drivers/STM32F1xx_HAL_Driver/Src/stm32f1xx_hal_tim_ex.o

.debug_frame    0x00000000     0x2f5c
 .debug_frame   0x00000000       0xa0 ./Core/Src/adc_manager.o
 .debug_frame   0x000000a0       0x34 ./Core/Src/distance.o
 .debug_frame   0x000000d4      0x164 ./Core/Src/main.o
 .debug_frame   0x00000238       0x58 ./Core/Src/motors.o
 .debug_frame   0x00000290       0xf0 ./Core/Src/movement.o
 .debug_frame   0x00000380      0x134 ./Core/Src/stm32f1xx_hal_msp.o
 .debug_frame   0x000004b4      0x158 ./Core/Src/stm32f1xx_it.o
 .debug_frame   0x0000060c       0x58 ./Core/Src/system_stm32f1xx.o
 .debug_frame   0x00000664      0x334 ./Drivers/STM32F1xx_HAL_Driver/Src/stm32f1xx_hal.o
 .debug_frame   0x00000998      0x40c ./Drivers/STM32F1xx_HAL_Driver/Src/stm32f1xx_hal_adc.o
 .debug_frame   0x00000da4      0x428 ./Drivers/STM32F1xx_HAL_Driver/Src/stm32f1xx_hal_cortex.o
 .debug_frame   0x000011cc      0x14c ./Drivers/STM32F1xx_HAL_Driver/Src/stm32f1xx_hal_gpio.o
 .debug_frame   0x00001318      0x218 ./Drivers/STM32F1xx_HAL_Driver/Src/stm32f1xx_hal_rcc.o
 .debug_frame   0x00001530       0x80 ./Drivers/STM32F1xx_HAL_Driver/Src/stm32f1xx_hal_rcc_ex.o
 .debug_frame   0x000015b0     0x11b8 ./Drivers/STM32F1xx_HAL_Driver/Src/stm32f1xx_hal_tim.o
 .debug_frame   0x00002768      0x638 ./Drivers/STM32F1xx_HAL_Driver/Src/stm32f1xx_hal_tim_ex.o
 .debug_frame   0x00002da0       0x20 /Applications/STM32CubeIDE.app/Contents/Eclipse/plugins/com.st.stm32cube.ide.mcu.externaltools.gnu-tools-for-stm32.13.3.rel1.macos64_1.0.0.202411102158/tools/bin/../lib/gcc/arm-none-eabi/13.3.1/../../../../arm-none-eabi/lib/thumb/v7-m/nofp/libc_nano.a(libc_a-memset.o)
 .debug_frame   0x00002dc0       0x2c /Applications/STM32CubeIDE.app/Contents/Eclipse/plugins/com.st.stm32cube.ide.mcu.externaltools.gnu-tools-for-stm32.13.3.rel1.macos64_1.0.0.202411102158/tools/bin/../lib/gcc/arm-none-eabi/13.3.1/../../../../arm-none-eabi/lib/thumb/v7-m/nofp/libc_nano.a(libc_a-init.o)
 .debug_frame   0x00002dec       0x4c /Applications/STM32CubeIDE.app/Contents/Eclipse/plugins/com.st.stm32cube.ide.mcu.externaltools.gnu-tools-for-stm32.13.3.rel1.macos64_1.0.0.202411102158/tools/bin/../lib/gcc/arm-none-eabi/13.3.1/thumb/v7-m/nofp/libgcc.a(_arm_addsubsf3.o)
 .debug_frame   0x00002e38       0x38 /Applications/STM32CubeIDE.app/Contents/Eclipse/plugins/com.st.stm32cube.ide.mcu.externaltools.gnu-tools-for-stm32.13.3.rel1.macos64_1.0.0.202411102158/tools/bin/../lib/gcc/arm-none-eabi/13.3.1/thumb/v7-m/nofp/libgcc.a(_arm_muldivsf3.o)
 .debug_frame   0x00002e70       0xc8 /Applications/STM32CubeIDE.app/Contents/Eclipse/plugins/com.st.stm32cube.ide.mcu.externaltools.gnu-tools-for-stm32.13.3.rel1.macos64_1.0.0.202411102158/tools/bin/../lib/gcc/arm-none-eabi/13.3.1/thumb/v7-m/nofp/libgcc.a(_arm_cmpsf2.o)
 .debug_frame   0x00002f38       0x24 /Applications/STM32CubeIDE.app/Contents/Eclipse/plugins/com.st.stm32cube.ide.mcu.externaltools.gnu-tools-for-stm32.13.3.rel1.macos64_1.0.0.202411102158/tools/bin/../lib/gcc/arm-none-eabi/13.3.1/thumb/v7-m/nofp/libgcc.a(_arm_fixunssfsi.o)

.debug_line_str
                0x00000000       0x6f
 .debug_line_str
                0x00000000       0x6f ./Core/Startup/startup_stm32f103c8tx.o
