../Core/Src/main.c:78:6:HAL_TIM_IC_CaptureCallback	16	static
../Core/Src/main.c:98:5:main	8	static
../Core/Src/main.c:183:6:SystemClock_Config	88	static
../Core/Src/main.c:230:13:MX_ADC1_Init	24	static
../Core/Src/main.c:277:13:MX_TIM2_Init	64	static
../Core/Src/main.c:340:13:MX_TIM3_Init	56	static
../Core/Src/main.c:389:13:MX_TIM4_Init	56	static
../Core/Src/main.c:438:13:MX_GPIO_Init	40	static
../Core/Src/main.c:518:6:HAL_TIM_PeriodElapsedCallback	16	static
../Core/Src/main.c:527:6:Error_Handler	4	static,ignoring_inline_asm
