../Core/Src/main.c:92:6:HAL_TIM_IC_CaptureCallback	16	static
../Core/Src/main.c:114:5:main	8	static
../Core/Src/main.c:182:6:SystemClock_Config	88	static
../Core/Src/main.c:229:13:MX_ADC1_Init	24	static
../Core/Src/main.c:276:13:MX_TIM2_Init	64	static
../Core/Src/main.c:339:13:MX_TIM3_Init	56	static
../Core/Src/main.c:388:13:MX_TIM4_Init	56	static
../Core/Src/main.c:437:13:MX_GPIO_Init	40	static
../Core/Src/main.c:517:6:HAL_TIM_PeriodElapsedCallback	16	static
../Core/Src/main.c:529:6:Error_Handler	4	static,ignoring_inline_asm
