../Core/Src/main.c:85:6:HAL_TIM_IC_CaptureCallback	16	static
../Core/Src/main.c:107:5:main	8	static
../Core/Src/main.c:181:6:SystemClock_Config	88	static
../Core/Src/main.c:228:13:MX_ADC1_Init	24	static
../Core/Src/main.c:275:13:MX_TIM2_Init	64	static
../Core/Src/main.c:338:13:MX_TIM3_Init	56	static
../Core/Src/main.c:387:13:MX_TIM4_Init	56	static
../Core/Src/main.c:436:13:MX_GPIO_Init	40	static
../Core/Src/main.c:516:6:HAL_TIM_PeriodElapsedCallback	16	static
../Core/Src/main.c:528:6:Error_Handler	4	static,ignoring_inline_asm
