22:37:00 **** Incremental Build of configuration Debug for project CHOAM ****
make -j11 all 
arm-none-eabi-gcc "../Core/Src/movement.c" -mcpu=cortex-m3 -std=gnu11 -g3 -DDEBUG -DUSE_HAL_DRIVER -DSTM32F103xB -c -I../Core/Inc -I../Drivers/STM32F1xx_HAL_Driver/Inc -I../Drivers/STM32F1xx_HAL_Driver/Inc/Legacy -I../Drivers/CMSIS/Device/ST/STM32F1xx/Include -I../Drivers/CMSIS/Include -O0 -ffunction-sections -fdata-sections -Wall -fstack-usage -fcyclomatic-complexity -MMD -MP -MF"Core/Src/movement.d" -MT"Core/Src/movement.o" --specs=nano.specs -mfloat-abi=soft -mthumb -o "Core/Src/movement.o"
arm-none-eabi-g++ -o "CHOAM.elf" @"objects.list"   -mcpu=cortex-m3 -T"/Users/adamhwu/Desktop/micromouse/MicroMouse-2024/firmware/CHOAM/STM32F103C8TX_FLASH.ld" --specs=nosys.specs -Wl,-Map="CHOAM.map" -Wl,--gc-sections -static --specs=nano.specs -mfloat-abi=soft -mthumb -Wl,--start-group -lc -lm -lstdc++ -lsupc++ -Wl,--end-group
Finished building target: CHOAM.elf
 
arm-none-eabi-size  CHOAM.elf 
arm-none-eabi-objdump -h -S CHOAM.elf  > "CHOAM.list"
   text	   data	    bss	    dec	    hex	filename
  17908	     12	   1860	  19780	   4d44	CHOAM.elf
Finished building: default.size.stdout
 
Finished building: CHOAM.list
 

22:37:01 Build Finished. 0 errors, 0 warnings. (took 545ms)

