16:23:26 **** Incremental Build of configuration Debug for project CHOAM ****
make -j20 all 
arm-none-eabi-gcc "../Core/Src/movement.c" -mcpu=cortex-m3 -std=gnu11 -g3 -DDEBUG -DUSE_HAL_DRIVER -DSTM32F103xB -c -I../Core/Inc -I../Drivers/STM32F1xx_HAL_Driver/Inc -I../Drivers/STM32F1xx_HAL_Driver/Inc/Legacy -I../Drivers/CMSIS/Device/ST/STM32F1xx/Include -I../Drivers/CMSIS/Include -O0 -ffunction-sections -fdata-sections -Wall -fstack-usage -fcyclomatic-complexity -MMD -MP -MF"Core/Src/movement.d" -MT"Core/Src/movement.o" --specs=nano.specs -mfloat-abi=soft -mthumb -o "Core/Src/movement.o"
../Core/Src/movement.c: In function 'move_dist':
../Core/Src/movement.c:20:22: warning: implicit declaration of function 'fabsf' [-Wimplicit-function-declaration]
   20 |         TIM2->CCR4 = fabsf(mouseSpeed);
      |                      ^~~~~
../Core/Src/movement.c:13:1: note: include '<math.h>' or provide a declaration of 'fabsf'
   12 | #include "values.h"
  +++ |+#include <math.h>
   13 | 
../Core/Src/movement.c:20:22: warning: incompatible implicit declaration of built-in function 'fabsf' [-Wbuiltin-declaration-mismatch]
   20 |         TIM2->CCR4 = fabsf(mouseSpeed);
      |                      ^~~~~
../Core/Src/movement.c:20:22: note: include '<math.h>' or provide a declaration of 'fabsf'
../Core/Src/movement.c: In function 'find_bias':
../Core/Src/movement.c:39:30: warning: incompatible implicit declaration of built-in function 'fabsf' [-Wbuiltin-declaration-mismatch]
   39 |                 TIM2->CCR3 = fabsf(num);
      |                              ^~~~~
../Core/Src/movement.c:39:30: note: include '<math.h>' or provide a declaration of 'fabsf'
../Core/Src/movement.c:42:22: warning: incompatible implicit declaration of built-in function 'fabsf' [-Wbuiltin-declaration-mismatch]
   42 |         TIM2->CCR4 = fabsf(0);
      |                      ^~~~~
../Core/Src/movement.c:42:22: note: include '<math.h>' or provide a declaration of 'fabsf'
../Core/Src/movement.c: In function 'turn180':
../Core/Src/movement.c:52:30: warning: incompatible implicit declaration of built-in function 'fabsf' [-Wbuiltin-declaration-mismatch]
   52 |                 TIM2->CCR4 = fabsf(mouseSpeed);
      |                              ^~~~~
../Core/Src/movement.c:52:30: note: include '<math.h>' or provide a declaration of 'fabsf'
../Core/Src/movement.c:55:22: warning: incompatible implicit declaration of built-in function 'fabsf' [-Wbuiltin-declaration-mismatch]
   55 |         TIM2->CCR4 = fabsf(0);
      |                      ^~~~~
../Core/Src/movement.c:55:22: note: include '<math.h>' or provide a declaration of 'fabsf'
../Core/Src/movement.c: In function 'turnLeft':
../Core/Src/movement.c:63:30: warning: incompatible implicit declaration of built-in function 'fabsf' [-Wbuiltin-declaration-mismatch]
   63 |                 TIM2->CCR4 = fabsf(mouseSpeed);
      |                              ^~~~~
../Core/Src/movement.c:63:30: note: include '<math.h>' or provide a declaration of 'fabsf'
../Core/Src/movement.c:66:22: warning: incompatible implicit declaration of built-in function 'fabsf' [-Wbuiltin-declaration-mismatch]
   66 |         TIM2->CCR4 = fabsf(0);
      |                      ^~~~~
../Core/Src/movement.c:66:22: note: include '<math.h>' or provide a declaration of 'fabsf'
../Core/Src/movement.c: In function 'turnRight':
../Core/Src/movement.c:73:30: warning: incompatible implicit declaration of built-in function 'fabsf' [-Wbuiltin-declaration-mismatch]
   73 |                 TIM2->CCR3 = fabsf(mouseSpeed);
      |                              ^~~~~
../Core/Src/movement.c:73:30: note: include '<math.h>' or provide a declaration of 'fabsf'
../Core/Src/movement.c:76:22: warning: incompatible implicit declaration of built-in function 'fabsf' [-Wbuiltin-declaration-mismatch]
   76 |         TIM2->CCR3 = fabsf(0);
      |                      ^~~~~
../Core/Src/movement.c:76:22: note: include '<math.h>' or provide a declaration of 'fabsf'
arm-none-eabi-g++ -o "CHOAM.elf" @"objects.list"   -mcpu=cortex-m3 -T"C:\Users\Jeremiah\Desktop\MicroMouse-2024\firmware\CHOAM\STM32F103C8TX_FLASH.ld" --specs=nosys.specs -Wl,-Map="CHOAM.map" -Wl,--gc-sections -static --specs=nano.specs -mfloat-abi=soft -mthumb -Wl,--start-group -lc -lm -lstdc++ -lsupc++ -Wl,--end-group
Finished building target: CHOAM.elf
 
arm-none-eabi-size  CHOAM.elf 
arm-none-eabi-objdump -h -S CHOAM.elf  > "CHOAM.list"
   text	   data	    bss	    dec	    hex	filename
  18632	     16	   1856	  20504	   5018	CHOAM.elf
Finished building: default.size.stdout
 
Finished building: CHOAM.list
 

16:23:27 Build Finished. 0 errors, 10 warnings. (took 433ms)

