15:28:17 **** Incremental Build of configuration Debug for project CHOAM ****
make -j20 all 
arm-none-eabi-gcc "../Core/Src/movement.c" -mcpu=cortex-m3 -std=gnu11 -g3 -DDEBUG -DUSE_HAL_DRIVER -DSTM32F103xB -c -I../Core/Inc -I../Drivers/STM32F1xx_HAL_Driver/Inc -I../Drivers/STM32F1xx_HAL_Driver/Inc/Legacy -I../Drivers/CMSIS/Device/ST/STM32F1xx/Include -I../Drivers/CMSIS/Include -O0 -ffunction-sections -fdata-sections -Wall -fstack-usage -fcyclomatic-complexity -MMD -MP -MF"Core/Src/movement.d" -MT"Core/Src/movement.o" --specs=nano.specs -mfloat-abi=soft -mthumb -o "Core/Src/movement.o"
../Core/Src/movement.c: In function 'move_dist':
../Core/Src/movement.c:18:22: warning: implicit declaration of function 'fabsf' [-Wimplicit-function-declaration]
   18 |         TIM2->CCR4 = fabsf(mouseSpeed);
      |                      ^~~~~
../Core/Src/movement.c:13:1: note: include '<math.h>' or provide a declaration of 'fabsf'
   12 | #include "values.h"
  +++ |+#include <math.h>
   13 | 
../Core/Src/movement.c:18:22: warning: incompatible implicit declaration of built-in function 'fabsf' [-Wbuiltin-declaration-mismatch]
   18 |         TIM2->CCR4 = fabsf(mouseSpeed);
      |                      ^~~~~
../Core/Src/movement.c:18:22: note: include '<math.h>' or provide a declaration of 'fabsf'
../Core/Src/movement.c: In function 'find_bias':
../Core/Src/movement.c:37:30: warning: incompatible implicit declaration of built-in function 'fabsf' [-Wbuiltin-declaration-mismatch]
   37 |                 TIM2->CCR3 = fabsf(num);
      |                              ^~~~~
../Core/Src/movement.c:37:30: note: include '<math.h>' or provide a declaration of 'fabsf'
../Core/Src/movement.c:40:22: warning: incompatible implicit declaration of built-in function 'fabsf' [-Wbuiltin-declaration-mismatch]
   40 |         TIM2->CCR4 = fabsf(0);
      |                      ^~~~~
../Core/Src/movement.c:40:22: note: include '<math.h>' or provide a declaration of 'fabsf'
arm-none-eabi-g++ -o "CHOAM.elf" @"objects.list"   -mcpu=cortex-m3 -T"C:\Users\Jeremiah\Desktop\MicroMouse-2024\firmware\CHOAM\STM32F103C8TX_FLASH.ld" --specs=nosys.specs -Wl,-Map="CHOAM.map" -Wl,--gc-sections -static --specs=nano.specs -mfloat-abi=soft -mthumb -Wl,--start-group -lc -lm -lstdc++ -lsupc++ -Wl,--end-group
Finished building target: CHOAM.elf
 
arm-none-eabi-size  CHOAM.elf 
arm-none-eabi-objdump -h -S CHOAM.elf  > "CHOAM.list"
   text	   data	    bss	    dec	    hex	filename
  16800	     12	   1860	  18672	   48f0	CHOAM.elf
Finished building: default.size.stdout
 
Finished building: CHOAM.list
 
15:28:19 **** Incremental Build of configuration Debug for project CHOAM ****
make -j20 all 
arm-none-eabi-size  CHOAM.elf 
   text	   data	    bss	    dec	    hex	filename
  16800	     12	   1860	  18672	   48f0	CHOAM.elf
Finished building: default.size.stdout
 
15:28:26 **** Incremental Build of configuration Debug for project CHOAM ****
make -j20 all 
arm-none-eabi-size  CHOAM.elf 
   text	   data	    bss	    dec	    hex	filename
  16800	     12	   1860	  18672	   48f0	CHOAM.elf
Finished building: default.size.stdout
 
15:28:36 **** Incremental Build of configuration Debug for project CHOAM ****
make -j20 all 
arm-none-eabi-size  CHOAM.elf 
   text	   data	    bss	    dec	    hex	filename
  16800	     12	   1860	  18672	   48f0	CHOAM.elf
Finished building: default.size.stdout
 
15:28:48 **** Incremental Build of configuration Debug for project CHOAM ****
make -j20 all 
arm-none-eabi-size  CHOAM.elf 
   text	   data	    bss	    dec	    hex	filename
  16800	     12	   1860	  18672	   48f0	CHOAM.elf
Finished building: default.size.stdout
 
15:29:24 **** Incremental Build of configuration Debug for project CHOAM ****
make -j20 all 
arm-none-eabi-size  CHOAM.elf 
   text	   data	    bss	    dec	    hex	filename
  16800	     12	   1860	  18672	   48f0	CHOAM.elf
Finished building: default.size.stdout
 
15:30:08 **** Incremental Build of configuration Debug for project CHOAM ****
make -j20 all 
arm-none-eabi-size  CHOAM.elf 
   text	   data	    bss	    dec	    hex	filename
  16800	     12	   1860	  18672	   48f0	CHOAM.elf
Finished building: default.size.stdout
 
15:31:09 **** Incremental Build of configuration Debug for project CHOAM ****
make -j20 all 
arm-none-eabi-size  CHOAM.elf 
   text	   data	    bss	    dec	    hex	filename
  16800	     12	   1860	  18672	   48f0	CHOAM.elf
Finished building: default.size.stdout
 
15:31:37 **** Incremental Build of configuration Debug for project CHOAM ****
make -j20 all 
arm-none-eabi-size  CHOAM.elf 
   text	   data	    bss	    dec	    hex	filename
  16800	     12	   1860	  18672	   48f0	CHOAM.elf
Finished building: default.size.stdout
 
15:32:23 **** Incremental Build of configuration Debug for project CHOAM ****
make -j20 all 
arm-none-eabi-size  CHOAM.elf 
   text	   data	    bss	    dec	    hex	filename
  16800	     12	   1860	  18672	   48f0	CHOAM.elf
Finished building: default.size.stdout
 
15:32:40 **** Incremental Build of configuration Debug for project CHOAM ****
make -j20 all 
arm-none-eabi-size  CHOAM.elf 
   text	   data	    bss	    dec	    hex	filename
  16800	     12	   1860	  18672	   48f0	CHOAM.elf
Finished building: default.size.stdout
 
15:35:59 **** Incremental Build of configuration Debug for project CHOAM ****
make -j20 all 
arm-none-eabi-gcc "../Core/Src/main.c" -mcpu=cortex-m3 -std=gnu11 -g3 -DDEBUG -DUSE_HAL_DRIVER -DSTM32F103xB -c -I../Core/Inc -I../Drivers/STM32F1xx_HAL_Driver/Inc -I../Drivers/STM32F1xx_HAL_Driver/Inc/Legacy -I../Drivers/CMSIS/Device/ST/STM32F1xx/Include -I../Drivers/CMSIS/Include -O0 -ffunction-sections -fdata-sections -Wall -fstack-usage -fcyclomatic-complexity -MMD -MP -MF"Core/Src/main.d" -MT"Core/Src/main.o" --specs=nano.specs -mfloat-abi=soft -mthumb -o "Core/Src/main.o"
arm-none-eabi-gcc "../Core/Src/movement.c" -mcpu=cortex-m3 -std=gnu11 -g3 -DDEBUG -DUSE_HAL_DRIVER -DSTM32F103xB -c -I../Core/Inc -I../Drivers/STM32F1xx_HAL_Driver/Inc -I../Drivers/STM32F1xx_HAL_Driver/Inc/Legacy -I../Drivers/CMSIS/Device/ST/STM32F1xx/Include -I../Drivers/CMSIS/Include -O0 -ffunction-sections -fdata-sections -Wall -fstack-usage -fcyclomatic-complexity -MMD -MP -MF"Core/Src/movement.d" -MT"Core/Src/movement.o" --specs=nano.specs -mfloat-abi=soft -mthumb -o "Core/Src/movement.o"
../Core/Src/movement.c: In function 'move_dist':
../Core/Src/movement.c:18:22: warning: implicit declaration of function 'fabsf' [-Wimplicit-function-declaration]
   18 |         TIM2->CCR4 = fabsf(mouseSpeed);
      |                      ^~~~~
../Core/Src/movement.c:13:1: note: include '<math.h>' or provide a declaration of 'fabsf'
   12 | #include "values.h"
  +++ |+#include <math.h>
   13 | 
../Core/Src/movement.c:18:22: warning: incompatible implicit declaration of built-in function 'fabsf' [-Wbuiltin-declaration-mismatch]
   18 |         TIM2->CCR4 = fabsf(mouseSpeed);
      |                      ^~~~~
../Core/Src/movement.c:18:22: note: include '<math.h>' or provide a declaration of 'fabsf'
../Core/Src/movement.c: In function 'find_bias':
../Core/Src/movement.c:37:30: warning: incompatible implicit declaration of built-in function 'fabsf' [-Wbuiltin-declaration-mismatch]
   37 |                 TIM2->CCR3 = fabsf(num);
      |                              ^~~~~
../Core/Src/movement.c:37:30: note: include '<math.h>' or provide a declaration of 'fabsf'
../Core/Src/movement.c:40:22: warning: incompatible implicit declaration of built-in function 'fabsf' [-Wbuiltin-declaration-mismatch]
   40 |         TIM2->CCR4 = fabsf(0);
      |                      ^~~~~
../Core/Src/main.c: In function 'main':
../Core/Src/movement.c:40:22: note: include '<math.h>' or provide a declaration of 'fabsf'
../Core/Src/movement.c: In function 'turn180':
../Core/Src/movement.c:48:30: warning: incompatible implicit declaration of built-in function 'fabsf' [-Wbuiltin-declaration-mismatch]
   48 |                 TIM2->CCR4 = fabsf(mouseSpeed);
      |                              ^~~~~
../Core/Src/movement.c:48:30: note: include '<math.h>' or provide a declaration of 'fabsf'
../Core/Src/main.c:152:3: warning: implicit declaration of function 'turn180' [-Wimplicit-function-declaration]
  152 |   turn180();
      |   ^~~~~~~
arm-none-eabi-g++ -o "CHOAM.elf" @"objects.list"   -mcpu=cortex-m3 -T"C:\Users\Jeremiah\Desktop\MicroMouse-2024\firmware\CHOAM\STM32F103C8TX_FLASH.ld" --specs=nosys.specs -Wl,-Map="CHOAM.map" -Wl,--gc-sections -static --specs=nano.specs -mfloat-abi=soft -mthumb -Wl,--start-group -lc -lm -lstdc++ -lsupc++ -Wl,--end-group
Finished building target: CHOAM.elf
 
arm-none-eabi-size  CHOAM.elf 
arm-none-eabi-objdump -h -S CHOAM.elf  > "CHOAM.list"
   text	   data	    bss	    dec	    hex	filename
  18376	     16	   1856	  20248	   4f18	CHOAM.elf
Finished building: default.size.stdout
 
Finished building: CHOAM.list
 
15:38:08 **** Incremental Build of configuration Debug for project CHOAM ****
make -j20 all 
arm-none-eabi-gcc "../Core/Src/main.c" -mcpu=cortex-m3 -std=gnu11 -g3 -DDEBUG -DUSE_HAL_DRIVER -DSTM32F103xB -c -I../Core/Inc -I../Drivers/STM32F1xx_HAL_Driver/Inc -I../Drivers/STM32F1xx_HAL_Driver/Inc/Legacy -I../Drivers/CMSIS/Device/ST/STM32F1xx/Include -I../Drivers/CMSIS/Include -O0 -ffunction-sections -fdata-sections -Wall -fstack-usage -fcyclomatic-complexity -MMD -MP -MF"Core/Src/main.d" -MT"Core/Src/main.o" --specs=nano.specs -mfloat-abi=soft -mthumb -o "Core/Src/main.o"
arm-none-eabi-gcc "../Core/Src/movement.c" -mcpu=cortex-m3 -std=gnu11 -g3 -DDEBUG -DUSE_HAL_DRIVER -DSTM32F103xB -c -I../Core/Inc -I../Drivers/STM32F1xx_HAL_Driver/Inc -I../Drivers/STM32F1xx_HAL_Driver/Inc/Legacy -I../Drivers/CMSIS/Device/ST/STM32F1xx/Include -I../Drivers/CMSIS/Include -O0 -ffunction-sections -fdata-sections -Wall -fstack-usage -fcyclomatic-complexity -MMD -MP -MF"Core/Src/movement.d" -MT"Core/Src/movement.o" --specs=nano.specs -mfloat-abi=soft -mthumb -o "Core/Src/movement.o"
../Core/Src/movement.c: In function 'move_dist':
../Core/Src/movement.c:18:22: warning: implicit declaration of function 'fabsf' [-Wimplicit-function-declaration]
   18 |         TIM2->CCR4 = fabsf(mouseSpeed);
      |                      ^~~~~
../Core/Src/movement.c:13:1: note: include '<math.h>' or provide a declaration of 'fabsf'
   12 | #include "values.h"
  +++ |+#include <math.h>
   13 | 
../Core/Src/movement.c:18:22: warning: incompatible implicit declaration of built-in function 'fabsf' [-Wbuiltin-declaration-mismatch]
   18 |         TIM2->CCR4 = fabsf(mouseSpeed);
      |                      ^~~~~
../Core/Src/movement.c:18:22: note: include '<math.h>' or provide a declaration of 'fabsf'
../Core/Src/movement.c: In function 'find_bias':
../Core/Src/movement.c:37:30: warning: incompatible implicit declaration of built-in function 'fabsf' [-Wbuiltin-declaration-mismatch]
   37 |                 TIM2->CCR3 = fabsf(num);
      |                              ^~~~~
../Core/Src/movement.c:37:30: note: include '<math.h>' or provide a declaration of 'fabsf'
../Core/Src/movement.c:40:22: warning: incompatible implicit declaration of built-in function 'fabsf' [-Wbuiltin-declaration-mismatch]
   40 |         TIM2->CCR4 = fabsf(0);
      |                      ^~~~~
../Core/Src/movement.c:40:22: note: include '<math.h>' or provide a declaration of 'fabsf'
../Core/Src/movement.c: In function 'turn180':
../Core/Src/movement.c:48:30: warning: incompatible implicit declaration of built-in function 'fabsf' [-Wbuiltin-declaration-mismatch]
   48 |                 TIM2->CCR4 = fabsf(mouseSpeed);
      |                              ^~~~~
../Core/Src/movement.c:48:30: note: include '<math.h>' or provide a declaration of 'fabsf'
../Core/Src/movement.c:51:22: warning: incompatible implicit declaration of built-in function 'fabsf' [-Wbuiltin-declaration-mismatch]
   51 |         TIM2->CCR4 = fabsf(0);
      |                      ^~~~~
../Core/Src/movement.c:51:22: note: include '<math.h>' or provide a declaration of 'fabsf'
arm-none-eabi-g++ -o "CHOAM.elf" @"objects.list"   -mcpu=cortex-m3 -T"C:\Users\Jeremiah\Desktop\MicroMouse-2024\firmware\CHOAM\STM32F103C8TX_FLASH.ld" --specs=nosys.specs -Wl,-Map="CHOAM.map" -Wl,--gc-sections -static --specs=nano.specs -mfloat-abi=soft -mthumb -Wl,--start-group -lc -lm -lstdc++ -lsupc++ -Wl,--end-group
Finished building target: CHOAM.elf
 
arm-none-eabi-size  CHOAM.elf 
arm-none-eabi-objdump -h -S CHOAM.elf  > "CHOAM.list"
   text	   data	    bss	    dec	    hex	filename
  17976	     16	   1856	  19848	   4d88	CHOAM.elf
Finished building: default.size.stdout
 
Finished building: CHOAM.list
 
15:41:24 **** Incremental Build of configuration Debug for project CHOAM ****
make -j20 all 
arm-none-eabi-gcc "../Core/Src/main.c" -mcpu=cortex-m3 -std=gnu11 -g3 -DDEBUG -DUSE_HAL_DRIVER -DSTM32F103xB -c -I../Core/Inc -I../Drivers/STM32F1xx_HAL_Driver/Inc -I../Drivers/STM32F1xx_HAL_Driver/Inc/Legacy -I../Drivers/CMSIS/Device/ST/STM32F1xx/Include -I../Drivers/CMSIS/Include -O0 -ffunction-sections -fdata-sections -Wall -fstack-usage -fcyclomatic-complexity -MMD -MP -MF"Core/Src/main.d" -MT"Core/Src/main.o" --specs=nano.specs -mfloat-abi=soft -mthumb -o "Core/Src/main.o"
arm-none-eabi-g++ -o "CHOAM.elf" @"objects.list"   -mcpu=cortex-m3 -T"C:\Users\Jeremiah\Desktop\MicroMouse-2024\firmware\CHOAM\STM32F103C8TX_FLASH.ld" --specs=nosys.specs -Wl,-Map="CHOAM.map" -Wl,--gc-sections -static --specs=nano.specs -mfloat-abi=soft -mthumb -Wl,--start-group -lc -lm -lstdc++ -lsupc++ -Wl,--end-group
Finished building target: CHOAM.elf
 
arm-none-eabi-size  CHOAM.elf 
arm-none-eabi-objdump -h -S CHOAM.elf  > "CHOAM.list"
   text	   data	    bss	    dec	    hex	filename
  18392	     16	   1856	  20264	   4f28	CHOAM.elf
Finished building: default.size.stdout
 
Finished building: CHOAM.list
 
15:43:09 **** Incremental Build of configuration Debug for project CHOAM ****
make -j20 all 
arm-none-eabi-gcc "../Core/Src/main.c" -mcpu=cortex-m3 -std=gnu11 -g3 -DDEBUG -DUSE_HAL_DRIVER -DSTM32F103xB -c -I../Core/Inc -I../Drivers/STM32F1xx_HAL_Driver/Inc -I../Drivers/STM32F1xx_HAL_Driver/Inc/Legacy -I../Drivers/CMSIS/Device/ST/STM32F1xx/Include -I../Drivers/CMSIS/Include -O0 -ffunction-sections -fdata-sections -Wall -fstack-usage -fcyclomatic-complexity -MMD -MP -MF"Core/Src/main.d" -MT"Core/Src/main.o" --specs=nano.specs -mfloat-abi=soft -mthumb -o "Core/Src/main.o"
arm-none-eabi-g++ -o "CHOAM.elf" @"objects.list"   -mcpu=cortex-m3 -T"C:\Users\Jeremiah\Desktop\MicroMouse-2024\firmware\CHOAM\STM32F103C8TX_FLASH.ld" --specs=nosys.specs -Wl,-Map="CHOAM.map" -Wl,--gc-sections -static --specs=nano.specs -mfloat-abi=soft -mthumb -Wl,--start-group -lc -lm -lstdc++ -lsupc++ -Wl,--end-group
Finished building target: CHOAM.elf
 
arm-none-eabi-size  CHOAM.elf 
arm-none-eabi-objdump -h -S CHOAM.elf  > "CHOAM.list"
   text	   data	    bss	    dec	    hex	filename
  17976	     16	   1856	  19848	   4d88	CHOAM.elf
Finished building: default.size.stdout
 
Finished building: CHOAM.list
 
15:45:25 **** Incremental Build of configuration Debug for project CHOAM ****
make -j20 all 
arm-none-eabi-gcc "../Core/Src/movement.c" -mcpu=cortex-m3 -std=gnu11 -g3 -DDEBUG -DUSE_HAL_DRIVER -DSTM32F103xB -c -I../Core/Inc -I../Drivers/STM32F1xx_HAL_Driver/Inc -I../Drivers/STM32F1xx_HAL_Driver/Inc/Legacy -I../Drivers/CMSIS/Device/ST/STM32F1xx/Include -I../Drivers/CMSIS/Include -O0 -ffunction-sections -fdata-sections -Wall -fstack-usage -fcyclomatic-complexity -MMD -MP -MF"Core/Src/movement.d" -MT"Core/Src/movement.o" --specs=nano.specs -mfloat-abi=soft -mthumb -o "Core/Src/movement.o"
../Core/Src/movement.c: In function 'move_dist':
../Core/Src/movement.c:18:22: warning: implicit declaration of function 'fabsf' [-Wimplicit-function-declaration]
   18 |         TIM2->CCR4 = fabsf(mouseSpeed);
      |                      ^~~~~
../Core/Src/movement.c:13:1: note: include '<math.h>' or provide a declaration of 'fabsf'
   12 | #include "values.h"
  +++ |+#include <math.h>
   13 | 
../Core/Src/movement.c:18:22: warning: incompatible implicit declaration of built-in function 'fabsf' [-Wbuiltin-declaration-mismatch]
   18 |         TIM2->CCR4 = fabsf(mouseSpeed);
      |                      ^~~~~
../Core/Src/movement.c:18:22: note: include '<math.h>' or provide a declaration of 'fabsf'
../Core/Src/movement.c: In function 'find_bias':
../Core/Src/movement.c:37:30: warning: incompatible implicit declaration of built-in function 'fabsf' [-Wbuiltin-declaration-mismatch]
   37 |                 TIM2->CCR3 = fabsf(num);
      |                              ^~~~~
../Core/Src/movement.c:37:30: note: include '<math.h>' or provide a declaration of 'fabsf'
../Core/Src/movement.c:40:22: warning: incompatible implicit declaration of built-in function 'fabsf' [-Wbuiltin-declaration-mismatch]
   40 |         TIM2->CCR4 = fabsf(0);
      |                      ^~~~~
../Core/Src/movement.c:40:22: note: include '<math.h>' or provide a declaration of 'fabsf'
../Core/Src/movement.c: In function 'turn180':
../Core/Src/movement.c:48:30: warning: incompatible implicit declaration of built-in function 'fabsf' [-Wbuiltin-declaration-mismatch]
   48 |                 TIM2->CCR4 = fabsf(mouseSpeed);
      |                              ^~~~~
../Core/Src/movement.c:48:30: note: include '<math.h>' or provide a declaration of 'fabsf'
../Core/Src/movement.c:51:22: warning: incompatible implicit declaration of built-in function 'fabsf' [-Wbuiltin-declaration-mismatch]
   51 |         TIM2->CCR4 = fabsf(0);
      |                      ^~~~~
../Core/Src/movement.c:51:22: note: include '<math.h>' or provide a declaration of 'fabsf'
arm-none-eabi-g++ -o "CHOAM.elf" @"objects.list"   -mcpu=cortex-m3 -T"C:\Users\Jeremiah\Desktop\MicroMouse-2024\firmware\CHOAM\STM32F103C8TX_FLASH.ld" --specs=nosys.specs -Wl,-Map="CHOAM.map" -Wl,--gc-sections -static --specs=nano.specs -mfloat-abi=soft -mthumb -Wl,--start-group -lc -lm -lstdc++ -lsupc++ -Wl,--end-group
Finished building target: CHOAM.elf
 
arm-none-eabi-size  CHOAM.elf 
arm-none-eabi-objdump -h -S CHOAM.elf  > "CHOAM.list"
   text	   data	    bss	    dec	    hex	filename
  17928	     16	   1856	  19800	   4d58	CHOAM.elf
Finished building: default.size.stdout
 
Finished building: CHOAM.list
 
15:50:25 **** Incremental Build of configuration Debug for project CHOAM ****
make -j20 all 
arm-none-eabi-gcc "../Core/Src/movement.c" -mcpu=cortex-m3 -std=gnu11 -g3 -DDEBUG -DUSE_HAL_DRIVER -DSTM32F103xB -c -I../Core/Inc -I../Drivers/STM32F1xx_HAL_Driver/Inc -I../Drivers/STM32F1xx_HAL_Driver/Inc/Legacy -I../Drivers/CMSIS/Device/ST/STM32F1xx/Include -I../Drivers/CMSIS/Include -O0 -ffunction-sections -fdata-sections -Wall -fstack-usage -fcyclomatic-complexity -MMD -MP -MF"Core/Src/movement.d" -MT"Core/Src/movement.o" --specs=nano.specs -mfloat-abi=soft -mthumb -o "Core/Src/movement.o"
../Core/Src/movement.c: In function 'move_dist':
../Core/Src/movement.c:18:22: warning: implicit declaration of function 'fabsf' [-Wimplicit-function-declaration]
   18 |         TIM2->CCR4 = fabsf(mouseSpeed);
      |                      ^~~~~
../Core/Src/movement.c:13:1: note: include '<math.h>' or provide a declaration of 'fabsf'
   12 | #include "values.h"
  +++ |+#include <math.h>
   13 | 
../Core/Src/movement.c:18:22: warning: incompatible implicit declaration of built-in function 'fabsf' [-Wbuiltin-declaration-mismatch]
   18 |         TIM2->CCR4 = fabsf(mouseSpeed);
      |                      ^~~~~
../Core/Src/movement.c:18:22: note: include '<math.h>' or provide a declaration of 'fabsf'
../Core/Src/movement.c: In function 'find_bias':
../Core/Src/movement.c:37:30: warning: incompatible implicit declaration of built-in function 'fabsf' [-Wbuiltin-declaration-mismatch]
   37 |                 TIM2->CCR3 = fabsf(num);
      |                              ^~~~~
../Core/Src/movement.c:37:30: note: include '<math.h>' or provide a declaration of 'fabsf'
../Core/Src/movement.c:40:22: warning: incompatible implicit declaration of built-in function 'fabsf' [-Wbuiltin-declaration-mismatch]
   40 |         TIM2->CCR4 = fabsf(0);
      |                      ^~~~~
../Core/Src/movement.c:40:22: note: include '<math.h>' or provide a declaration of 'fabsf'
../Core/Src/movement.c: In function 'turn180':
../Core/Src/movement.c:49:30: warning: incompatible implicit declaration of built-in function 'fabsf' [-Wbuiltin-declaration-mismatch]
   49 |                 TIM2->CCR4 = fabsf(mouseSpeed);
      |                              ^~~~~
../Core/Src/movement.c:49:30: note: include '<math.h>' or provide a declaration of 'fabsf'
../Core/Src/movement.c:52:22: warning: incompatible implicit declaration of built-in function 'fabsf' [-Wbuiltin-declaration-mismatch]
   52 |         TIM2->CCR4 = fabsf(0);
      |                      ^~~~~
../Core/Src/movement.c:52:22: note: include '<math.h>' or provide a declaration of 'fabsf'
arm-none-eabi-g++ -o "CHOAM.elf" @"objects.list"   -mcpu=cortex-m3 -T"C:\Users\Jeremiah\Desktop\MicroMouse-2024\firmware\CHOAM\STM32F103C8TX_FLASH.ld" --specs=nosys.specs -Wl,-Map="CHOAM.map" -Wl,--gc-sections -static --specs=nano.specs -mfloat-abi=soft -mthumb -Wl,--start-group -lc -lm -lstdc++ -lsupc++ -Wl,--end-group
Finished building target: CHOAM.elf
 
arm-none-eabi-size  CHOAM.elf 
arm-none-eabi-objdump -h -S CHOAM.elf  > "CHOAM.list"
   text	   data	    bss	    dec	    hex	filename
  18028	     16	   1856	  19900	   4dbc	CHOAM.elf
Finished building: default.size.stdout
 
Finished building: CHOAM.list
 
15:51:42 **** Incremental Build of configuration Debug for project CHOAM ****
make -j20 all 
arm-none-eabi-gcc "../Core/Src/main.c" -mcpu=cortex-m3 -std=gnu11 -g3 -DDEBUG -DUSE_HAL_DRIVER -DSTM32F103xB -c -I../Core/Inc -I../Drivers/STM32F1xx_HAL_Driver/Inc -I../Drivers/STM32F1xx_HAL_Driver/Inc/Legacy -I../Drivers/CMSIS/Device/ST/STM32F1xx/Include -I../Drivers/CMSIS/Include -O0 -ffunction-sections -fdata-sections -Wall -fstack-usage -fcyclomatic-complexity -MMD -MP -MF"Core/Src/main.d" -MT"Core/Src/main.o" --specs=nano.specs -mfloat-abi=soft -mthumb -o "Core/Src/main.o"
arm-none-eabi-g++ -o "CHOAM.elf" @"objects.list"   -mcpu=cortex-m3 -T"C:\Users\Jeremiah\Desktop\MicroMouse-2024\firmware\CHOAM\STM32F103C8TX_FLASH.ld" --specs=nosys.specs -Wl,-Map="CHOAM.map" -Wl,--gc-sections -static --specs=nano.specs -mfloat-abi=soft -mthumb -Wl,--start-group -lc -lm -lstdc++ -lsupc++ -Wl,--end-group
Finished building target: CHOAM.elf
 
arm-none-eabi-size  CHOAM.elf 
arm-none-eabi-objdump -h -S CHOAM.elf  > "CHOAM.list"
   text	   data	    bss	    dec	    hex	filename
  18204	     16	   1856	  20076	   4e6c	CHOAM.elf
Finished building: default.size.stdout
 
Finished building: CHOAM.list
 
16:10:49 **** Incremental Build of configuration Debug for project CHOAM ****
make -j20 all 
arm-none-eabi-gcc "../Core/Src/main.c" -mcpu=cortex-m3 -std=gnu11 -g3 -DDEBUG -DUSE_HAL_DRIVER -DSTM32F103xB -c -I../Core/Inc -I../Drivers/STM32F1xx_HAL_Driver/Inc -I../Drivers/STM32F1xx_HAL_Driver/Inc/Legacy -I../Drivers/CMSIS/Device/ST/STM32F1xx/Include -I../Drivers/CMSIS/Include -O0 -ffunction-sections -fdata-sections -Wall -fstack-usage -fcyclomatic-complexity -MMD -MP -MF"Core/Src/main.d" -MT"Core/Src/main.o" --specs=nano.specs -mfloat-abi=soft -mthumb -o "Core/Src/main.o"
arm-none-eabi-gcc "../Core/Src/movement.c" -mcpu=cortex-m3 -std=gnu11 -g3 -DDEBUG -DUSE_HAL_DRIVER -DSTM32F103xB -c -I../Core/Inc -I../Drivers/STM32F1xx_HAL_Driver/Inc -I../Drivers/STM32F1xx_HAL_Driver/Inc/Legacy -I../Drivers/CMSIS/Device/ST/STM32F1xx/Include -I../Drivers/CMSIS/Include -O0 -ffunction-sections -fdata-sections -Wall -fstack-usage -fcyclomatic-complexity -MMD -MP -MF"Core/Src/movement.d" -MT"Core/Src/movement.o" --specs=nano.specs -mfloat-abi=soft -mthumb -o "Core/Src/movement.o"
../Core/Src/movement.c: In function 'move_dist':
../Core/Src/movement.c:18:22: warning: implicit declaration of function 'fabsf' [-Wimplicit-function-declaration]
   18 |         TIM2->CCR4 = fabsf(mouseSpeed);
      |                      ^~~~~
../Core/Src/movement.c:13:1: note: include '<math.h>' or provide a declaration of 'fabsf'
   12 | #include "values.h"
  +++ |+#include <math.h>
   13 | 
../Core/Src/movement.c:18:22: warning: incompatible implicit declaration of built-in function 'fabsf' [-Wbuiltin-declaration-mismatch]
   18 |         TIM2->CCR4 = fabsf(mouseSpeed);
      |                      ^~~~~
../Core/Src/movement.c:18:22: note: include '<math.h>' or provide a declaration of 'fabsf'
../Core/Src/movement.c: In function 'find_bias':
../Core/Src/movement.c:37:30: warning: incompatible implicit declaration of built-in function 'fabsf' [-Wbuiltin-declaration-mismatch]
   37 |                 TIM2->CCR3 = fabsf(num);
      |                              ^~~~~
../Core/Src/movement.c:37:30: note: include '<math.h>' or provide a declaration of 'fabsf'
../Core/Src/movement.c:40:22: warning: incompatible implicit declaration of built-in function 'fabsf' [-Wbuiltin-declaration-mismatch]
   40 |         TIM2->CCR4 = fabsf(0);
      |                      ^~~~~
../Core/Src/movement.c:40:22: note: include '<math.h>' or provide a declaration of 'fabsf'
../Core/Src/movement.c: In function 'turn180':
../Core/Src/movement.c:49:30: warning: incompatible implicit declaration of built-in function 'fabsf' [-Wbuiltin-declaration-mismatch]
   49 |                 TIM2->CCR4 = fabsf(mouseSpeed);
      |                              ^~~~~
../Core/Src/movement.c:49:30: note: include '<math.h>' or provide a declaration of 'fabsf'
../Core/Src/movement.c:52:22: warning: incompatible implicit declaration of built-in function 'fabsf' [-Wbuiltin-declaration-mismatch]
   52 |         TIM2->CCR4 = fabsf(0);
      |                      ^~~~~
../Core/Src/movement.c:52:22: note: include '<math.h>' or provide a declaration of 'fabsf'
arm-none-eabi-g++ -o "CHOAM.elf" @"objects.list"   -mcpu=cortex-m3 -T"C:\Users\Jeremiah\Desktop\MicroMouse-2024\firmware\CHOAM\STM32F103C8TX_FLASH.ld" --specs=nosys.specs -Wl,-Map="CHOAM.map" -Wl,--gc-sections -static --specs=nano.specs -mfloat-abi=soft -mthumb -Wl,--start-group -lc -lm -lstdc++ -lsupc++ -Wl,--end-group
Finished building target: CHOAM.elf
 
arm-none-eabi-size  CHOAM.elf 
arm-none-eabi-objdump -h -S CHOAM.elf  > "CHOAM.list"
   text	   data	    bss	    dec	    hex	filename
  18216	     16	   1856	  20088	   4e78	CHOAM.elf
Finished building: default.size.stdout
 
Finished building: CHOAM.list
 
16:12:56 **** Incremental Build of configuration Debug for project CHOAM ****
make -j20 all 
arm-none-eabi-gcc "../Core/Src/movement.c" -mcpu=cortex-m3 -std=gnu11 -g3 -DDEBUG -DUSE_HAL_DRIVER -DSTM32F103xB -c -I../Core/Inc -I../Drivers/STM32F1xx_HAL_Driver/Inc -I../Drivers/STM32F1xx_HAL_Driver/Inc/Legacy -I../Drivers/CMSIS/Device/ST/STM32F1xx/Include -I../Drivers/CMSIS/Include -O0 -ffunction-sections -fdata-sections -Wall -fstack-usage -fcyclomatic-complexity -MMD -MP -MF"Core/Src/movement.d" -MT"Core/Src/movement.o" --specs=nano.specs -mfloat-abi=soft -mthumb -o "Core/Src/movement.o"
../Core/Src/movement.c: In function 'move_dist':
../Core/Src/movement.c:20:22: warning: implicit declaration of function 'fabsf' [-Wimplicit-function-declaration]
   20 |         TIM2->CCR4 = fabsf(mouseSpeed);
      |                      ^~~~~
../Core/Src/movement.c:13:1: note: include '<math.h>' or provide a declaration of 'fabsf'
   12 | #include "values.h"
  +++ |+#include <math.h>
   13 | 
../Core/Src/movement.c:20:22: warning: incompatible implicit declaration of built-in function 'fabsf' [-Wbuiltin-declaration-mismatch]
   20 |         TIM2->CCR4 = fabsf(mouseSpeed);
      |                      ^~~~~
../Core/Src/movement.c:20:22: note: include '<math.h>' or provide a declaration of 'fabsf'
../Core/Src/movement.c: In function 'find_bias':
../Core/Src/movement.c:39:30: warning: incompatible implicit declaration of built-in function 'fabsf' [-Wbuiltin-declaration-mismatch]
   39 |                 TIM2->CCR3 = fabsf(num);
      |                              ^~~~~
../Core/Src/movement.c:39:30: note: include '<math.h>' or provide a declaration of 'fabsf'
../Core/Src/movement.c:42:22: warning: incompatible implicit declaration of built-in function 'fabsf' [-Wbuiltin-declaration-mismatch]
   42 |         TIM2->CCR4 = fabsf(0);
      |                      ^~~~~
../Core/Src/movement.c:42:22: note: include '<math.h>' or provide a declaration of 'fabsf'
../Core/Src/movement.c: In function 'turn180':
../Core/Src/movement.c:51:30: warning: incompatible implicit declaration of built-in function 'fabsf' [-Wbuiltin-declaration-mismatch]
   51 |                 TIM2->CCR4 = fabsf(mouseSpeed);
      |                              ^~~~~
../Core/Src/movement.c:51:30: note: include '<math.h>' or provide a declaration of 'fabsf'
../Core/Src/movement.c:54:22: warning: incompatible implicit declaration of built-in function 'fabsf' [-Wbuiltin-declaration-mismatch]
   54 |         TIM2->CCR4 = fabsf(0);
      |                      ^~~~~
../Core/Src/movement.c:54:22: note: include '<math.h>' or provide a declaration of 'fabsf'
arm-none-eabi-g++ -o "CHOAM.elf" @"objects.list"   -mcpu=cortex-m3 -T"C:\Users\Jeremiah\Desktop\MicroMouse-2024\firmware\CHOAM\STM32F103C8TX_FLASH.ld" --specs=nosys.specs -Wl,-Map="CHOAM.map" -Wl,--gc-sections -static --specs=nano.specs -mfloat-abi=soft -mthumb -Wl,--start-group -lc -lm -lstdc++ -lsupc++ -Wl,--end-group
Finished building target: CHOAM.elf
 
arm-none-eabi-size  CHOAM.elf 
arm-none-eabi-objdump -h -S CHOAM.elf  > "CHOAM.list"
   text	   data	    bss	    dec	    hex	filename
  18304	     16	   1856	  20176	   4ed0	CHOAM.elf
Finished building: default.size.stdout
 
Finished building: CHOAM.list
 
16:14:57 **** Incremental Build of configuration Debug for project CHOAM ****
make -j20 all 
arm-none-eabi-gcc "../Core/Src/movement.c" -mcpu=cortex-m3 -std=gnu11 -g3 -DDEBUG -DUSE_HAL_DRIVER -DSTM32F103xB -c -I../Core/Inc -I../Drivers/STM32F1xx_HAL_Driver/Inc -I../Drivers/STM32F1xx_HAL_Driver/Inc/Legacy -I../Drivers/CMSIS/Device/ST/STM32F1xx/Include -I../Drivers/CMSIS/Include -O0 -ffunction-sections -fdata-sections -Wall -fstack-usage -fcyclomatic-complexity -MMD -MP -MF"Core/Src/movement.d" -MT"Core/Src/movement.o" --specs=nano.specs -mfloat-abi=soft -mthumb -o "Core/Src/movement.o"
../Core/Src/movement.c: In function 'move_dist':
../Core/Src/movement.c:20:22: warning: implicit declaration of function 'fabsf' [-Wimplicit-function-declaration]
   20 |         TIM2->CCR4 = fabsf(mouseSpeed);
      |                      ^~~~~
../Core/Src/movement.c:13:1: note: include '<math.h>' or provide a declaration of 'fabsf'
   12 | #include "values.h"
  +++ |+#include <math.h>
   13 | 
../Core/Src/movement.c:20:22: warning: incompatible implicit declaration of built-in function 'fabsf' [-Wbuiltin-declaration-mismatch]
   20 |         TIM2->CCR4 = fabsf(mouseSpeed);
      |                      ^~~~~
../Core/Src/movement.c:20:22: note: include '<math.h>' or provide a declaration of 'fabsf'
../Core/Src/movement.c: In function 'find_bias':
../Core/Src/movement.c:39:30: warning: incompatible implicit declaration of built-in function 'fabsf' [-Wbuiltin-declaration-mismatch]
   39 |                 TIM2->CCR3 = fabsf(num);
      |                              ^~~~~
../Core/Src/movement.c:39:30: note: include '<math.h>' or provide a declaration of 'fabsf'
../Core/Src/movement.c:42:22: warning: incompatible implicit declaration of built-in function 'fabsf' [-Wbuiltin-declaration-mismatch]
   42 |         TIM2->CCR4 = fabsf(0);
      |                      ^~~~~
../Core/Src/movement.c:42:22: note: include '<math.h>' or provide a declaration of 'fabsf'
../Core/Src/movement.c: In function 'turn180':
../Core/Src/movement.c:52:30: warning: incompatible implicit declaration of built-in function 'fabsf' [-Wbuiltin-declaration-mismatch]
   52 |                 TIM2->CCR4 = fabsf(mouseSpeed);
      |                              ^~~~~
../Core/Src/movement.c:52:30: note: include '<math.h>' or provide a declaration of 'fabsf'
../Core/Src/movement.c:55:22: warning: incompatible implicit declaration of built-in function 'fabsf' [-Wbuiltin-declaration-mismatch]
   55 |         TIM2->CCR4 = fabsf(0);
      |                      ^~~~~
../Core/Src/movement.c:55:22: note: include '<math.h>' or provide a declaration of 'fabsf'
arm-none-eabi-g++ -o "CHOAM.elf" @"objects.list"   -mcpu=cortex-m3 -T"C:\Users\Jeremiah\Desktop\MicroMouse-2024\firmware\CHOAM\STM32F103C8TX_FLASH.ld" --specs=nosys.specs -Wl,-Map="CHOAM.map" -Wl,--gc-sections -static --specs=nano.specs -mfloat-abi=soft -mthumb -Wl,--start-group -lc -lm -lstdc++ -lsupc++ -Wl,--end-group
Finished building target: CHOAM.elf
 
arm-none-eabi-size  CHOAM.elf 
arm-none-eabi-objdump -h -S CHOAM.elf  > "CHOAM.list"
   text	   data	    bss	    dec	    hex	filename
  18356	     16	   1856	  20228	   4f04	CHOAM.elf
Finished building: default.size.stdout
 
Finished building: CHOAM.list
 
16:19:48 **** Incremental Build of configuration Debug for project CHOAM ****
make -j20 all 
arm-none-eabi-gcc "../Core/Src/main.c" -mcpu=cortex-m3 -std=gnu11 -g3 -DDEBUG -DUSE_HAL_DRIVER -DSTM32F103xB -c -I../Core/Inc -I../Drivers/STM32F1xx_HAL_Driver/Inc -I../Drivers/STM32F1xx_HAL_Driver/Inc/Legacy -I../Drivers/CMSIS/Device/ST/STM32F1xx/Include -I../Drivers/CMSIS/Include -O0 -ffunction-sections -fdata-sections -Wall -fstack-usage -fcyclomatic-complexity -MMD -MP -MF"Core/Src/main.d" -MT"Core/Src/main.o" --specs=nano.specs -mfloat-abi=soft -mthumb -o "Core/Src/main.o"
arm-none-eabi-gcc "../Core/Src/movement.c" -mcpu=cortex-m3 -std=gnu11 -g3 -DDEBUG -DUSE_HAL_DRIVER -DSTM32F103xB -c -I../Core/Inc -I../Drivers/STM32F1xx_HAL_Driver/Inc -I../Drivers/STM32F1xx_HAL_Driver/Inc/Legacy -I../Drivers/CMSIS/Device/ST/STM32F1xx/Include -I../Drivers/CMSIS/Include -O0 -ffunction-sections -fdata-sections -Wall -fstack-usage -fcyclomatic-complexity -MMD -MP -MF"Core/Src/movement.d" -MT"Core/Src/movement.o" --specs=nano.specs -mfloat-abi=soft -mthumb -o "Core/Src/movement.o"
../Core/Src/movement.c: In function 'move_dist':
../Core/Src/movement.c:20:22: warning: implicit declaration of function 'fabsf' [-Wimplicit-function-declaration]
   20 |         TIM2->CCR4 = fabsf(mouseSpeed);
      |                      ^~~~~
../Core/Src/movement.c:13:1: note: include '<math.h>' or provide a declaration of 'fabsf'
   12 | #include "values.h"
  +++ |+#include <math.h>
   13 | 
../Core/Src/movement.c:20:22: warning: incompatible implicit declaration of built-in function 'fabsf' [-Wbuiltin-declaration-mismatch]
   20 |         TIM2->CCR4 = fabsf(mouseSpeed);
      |                      ^~~~~
../Core/Src/movement.c:20:22: note: include '<math.h>' or provide a declaration of 'fabsf'
../Core/Src/movement.c: In function 'find_bias':
../Core/Src/movement.c:39:30: warning: incompatible implicit declaration of built-in function 'fabsf' [-Wbuiltin-declaration-mismatch]
   39 |                 TIM2->CCR3 = fabsf(num);
      |                              ^~~~~
../Core/Src/movement.c:39:30: note: include '<math.h>' or provide a declaration of 'fabsf'
../Core/Src/movement.c:42:22: warning: incompatible implicit declaration of built-in function 'fabsf' [-Wbuiltin-declaration-mismatch]
   42 |         TIM2->CCR4 = fabsf(0);
      |                      ^~~~~
../Core/Src/movement.c:42:22: note: include '<math.h>' or provide a declaration of 'fabsf'
../Core/Src/movement.c: In function 'turn180':
../Core/Src/movement.c:52:30: warning: incompatible implicit declaration of built-in function 'fabsf' [-Wbuiltin-declaration-mismatch]
   52 |                 TIM2->CCR4 = fabsf(mouseSpeed);
      |                              ^~~~~
../Core/Src/movement.c:52:30: note: include '<math.h>' or provide a declaration of 'fabsf'
../Core/Src/movement.c:55:22: warning: incompatible implicit declaration of built-in function 'fabsf' [-Wbuiltin-declaration-mismatch]
   55 |         TIM2->CCR4 = fabsf(0);
      |                      ^~~~~
../Core/Src/movement.c:55:22: note: include '<math.h>' or provide a declaration of 'fabsf'
../Core/Src/movement.c: In function 'turnLeft':
../Core/Src/movement.c:63:30: warning: incompatible implicit declaration of built-in function 'fabsf' [-Wbuiltin-declaration-mismatch]
   63 |                 TIM2->CCR4 = fabsf(mouseSpeed);
      |                              ^~~~~
../Core/Src/movement.c:63:30: note: include '<math.h>' or provide a declaration of 'fabsf'
../Core/Src/movement.c:66:22: warning: incompatible implicit declaration of built-in function 'fabsf' [-Wbuiltin-declaration-mismatch]
   66 |         TIM2->CCR4 = fabsf(0);
      |                      ^~~~~
../Core/Src/movement.c:66:22: note: include '<math.h>' or provide a declaration of 'fabsf'
../Core/Src/movement.c: In function 'turnRight':
../Core/Src/movement.c:73:30: warning: incompatible implicit declaration of built-in function 'fabsf' [-Wbuiltin-declaration-mismatch]
   73 |                 TIM2->CCR3 = fabsf(mouseSpeed);
      |                              ^~~~~
../Core/Src/movement.c:73:30: note: include '<math.h>' or provide a declaration of 'fabsf'
../Core/Src/movement.c:76:22: warning: incompatible implicit declaration of built-in function 'fabsf' [-Wbuiltin-declaration-mismatch]
   76 |         TIM2->CCR3 = fabsf(0);
      |                      ^~~~~
../Core/Src/main.c: In function 'main':
../Core/Src/movement.c:76:22: note: include '<math.h>' or provide a declaration of 'fabsf'
../Core/Src/main.c:153:3: warning: implicit declaration of function 'turnLeft' [-Wimplicit-function-declaration]
  153 |   turnLeft();
      |   ^~~~~~~~
../Core/Src/main.c:154:3: warning: implicit declaration of function 'turnRight' [-Wimplicit-function-declaration]
  154 |   turnRight();
      |   ^~~~~~~~~
arm-none-eabi-g++ -o "CHOAM.elf" @"objects.list"   -mcpu=cortex-m3 -T"C:\Users\Jeremiah\Desktop\MicroMouse-2024\firmware\CHOAM\STM32F103C8TX_FLASH.ld" --specs=nosys.specs -Wl,-Map="CHOAM.map" -Wl,--gc-sections -static --specs=nano.specs -mfloat-abi=soft -mthumb -Wl,--start-group -lc -lm -lstdc++ -lsupc++ -Wl,--end-group
Finished building target: CHOAM.elf
 
arm-none-eabi-size  CHOAM.elf 
arm-none-eabi-objdump -h -S CHOAM.elf  > "CHOAM.list"
   text	   data	    bss	    dec	    hex	filename
  18632	     16	   1856	  20504	   5018	CHOAM.elf
Finished building: default.size.stdout
 
Finished building: CHOAM.list
 
16:21:09 **** Incremental Build of configuration Debug for project CHOAM ****
make -j20 all 
arm-none-eabi-gcc "../Core/Src/movement.c" -mcpu=cortex-m3 -std=gnu11 -g3 -DDEBUG -DUSE_HAL_DRIVER -DSTM32F103xB -c -I../Core/Inc -I../Drivers/STM32F1xx_HAL_Driver/Inc -I../Drivers/STM32F1xx_HAL_Driver/Inc/Legacy -I../Drivers/CMSIS/Device/ST/STM32F1xx/Include -I../Drivers/CMSIS/Include -O0 -ffunction-sections -fdata-sections -Wall -fstack-usage -fcyclomatic-complexity -MMD -MP -MF"Core/Src/movement.d" -MT"Core/Src/movement.o" --specs=nano.specs -mfloat-abi=soft -mthumb -o "Core/Src/movement.o"
../Core/Src/movement.c: In function 'move_dist':
../Core/Src/movement.c:20:22: warning: implicit declaration of function 'fabsf' [-Wimplicit-function-declaration]
   20 |         TIM2->CCR4 = fabsf(mouseSpeed);
      |                      ^~~~~
../Core/Src/movement.c:13:1: note: include '<math.h>' or provide a declaration of 'fabsf'
   12 | #include "values.h"
  +++ |+#include <math.h>
   13 | 
../Core/Src/movement.c:20:22: warning: incompatible implicit declaration of built-in function 'fabsf' [-Wbuiltin-declaration-mismatch]
   20 |         TIM2->CCR4 = fabsf(mouseSpeed);
      |                      ^~~~~
../Core/Src/movement.c:20:22: note: include '<math.h>' or provide a declaration of 'fabsf'
../Core/Src/movement.c: In function 'find_bias':
../Core/Src/movement.c:39:30: warning: incompatible implicit declaration of built-in function 'fabsf' [-Wbuiltin-declaration-mismatch]
   39 |                 TIM2->CCR3 = fabsf(num);
      |                              ^~~~~
../Core/Src/movement.c:39:30: note: include '<math.h>' or provide a declaration of 'fabsf'
../Core/Src/movement.c:42:22: warning: incompatible implicit declaration of built-in function 'fabsf' [-Wbuiltin-declaration-mismatch]
   42 |         TIM2->CCR4 = fabsf(0);
      |                      ^~~~~
../Core/Src/movement.c:42:22: note: include '<math.h>' or provide a declaration of 'fabsf'
../Core/Src/movement.c: In function 'turn180':
../Core/Src/movement.c:52:30: warning: incompatible implicit declaration of built-in function 'fabsf' [-Wbuiltin-declaration-mismatch]
   52 |                 TIM2->CCR4 = fabsf(mouseSpeed);
      |                              ^~~~~
../Core/Src/movement.c:52:30: note: include '<math.h>' or provide a declaration of 'fabsf'
../Core/Src/movement.c:55:22: warning: incompatible implicit declaration of built-in function 'fabsf' [-Wbuiltin-declaration-mismatch]
   55 |         TIM2->CCR4 = fabsf(0);
      |                      ^~~~~
../Core/Src/movement.c:55:22: note: include '<math.h>' or provide a declaration of 'fabsf'
../Core/Src/movement.c: In function 'turnLeft':
../Core/Src/movement.c:63:30: warning: incompatible implicit declaration of built-in function 'fabsf' [-Wbuiltin-declaration-mismatch]
   63 |                 TIM2->CCR4 = fabsf(mouseSpeed);
      |                              ^~~~~
../Core/Src/movement.c:63:30: note: include '<math.h>' or provide a declaration of 'fabsf'
../Core/Src/movement.c:66:22: warning: incompatible implicit declaration of built-in function 'fabsf' [-Wbuiltin-declaration-mismatch]
   66 |         TIM2->CCR4 = fabsf(0);
      |                      ^~~~~
../Core/Src/movement.c:66:22: note: include '<math.h>' or provide a declaration of 'fabsf'
../Core/Src/movement.c: In function 'turnRight':
../Core/Src/movement.c:73:30: warning: incompatible implicit declaration of built-in function 'fabsf' [-Wbuiltin-declaration-mismatch]
   73 |                 TIM2->CCR3 = fabsf(mouseSpeed);
      |                              ^~~~~
../Core/Src/movement.c:73:30: note: include '<math.h>' or provide a declaration of 'fabsf'
../Core/Src/movement.c:76:22: warning: incompatible implicit declaration of built-in function 'fabsf' [-Wbuiltin-declaration-mismatch]
   76 |         TIM2->CCR3 = fabsf(0);
      |                      ^~~~~
../Core/Src/movement.c:76:22: note: include '<math.h>' or provide a declaration of 'fabsf'
arm-none-eabi-g++ -o "CHOAM.elf" @"objects.list"   -mcpu=cortex-m3 -T"C:\Users\Jeremiah\Desktop\MicroMouse-2024\firmware\CHOAM\STM32F103C8TX_FLASH.ld" --specs=nosys.specs -Wl,-Map="CHOAM.map" -Wl,--gc-sections -static --specs=nano.specs -mfloat-abi=soft -mthumb -Wl,--start-group -lc -lm -lstdc++ -lsupc++ -Wl,--end-group
Finished building target: CHOAM.elf
 
arm-none-eabi-size  CHOAM.elf 
arm-none-eabi-objdump -h -S CHOAM.elf  > "CHOAM.list"
   text	   data	    bss	    dec	    hex	filename
  18632	     16	   1856	  20504	   5018	CHOAM.elf
Finished building: default.size.stdout
 
Finished building: CHOAM.list
 
16:23:26 **** Incremental Build of configuration Debug for project CHOAM ****
make -j20 all 
arm-none-eabi-gcc "../Core/Src/movement.c" -mcpu=cortex-m3 -std=gnu11 -g3 -DDEBUG -DUSE_HAL_DRIVER -DSTM32F103xB -c -I../Core/Inc -I../Drivers/STM32F1xx_HAL_Driver/Inc -I../Drivers/STM32F1xx_HAL_Driver/Inc/Legacy -I../Drivers/CMSIS/Device/ST/STM32F1xx/Include -I../Drivers/CMSIS/Include -O0 -ffunction-sections -fdata-sections -Wall -fstack-usage -fcyclomatic-complexity -MMD -MP -MF"Core/Src/movement.d" -MT"Core/Src/movement.o" --specs=nano.specs -mfloat-abi=soft -mthumb -o "Core/Src/movement.o"
../Core/Src/movement.c: In function 'move_dist':
../Core/Src/movement.c:20:22: warning: implicit declaration of function 'fabsf' [-Wimplicit-function-declaration]
   20 |         TIM2->CCR4 = fabsf(mouseSpeed);
      |                      ^~~~~
../Core/Src/movement.c:13:1: note: include '<math.h>' or provide a declaration of 'fabsf'
   12 | #include "values.h"
  +++ |+#include <math.h>
   13 | 
../Core/Src/movement.c:20:22: warning: incompatible implicit declaration of built-in function 'fabsf' [-Wbuiltin-declaration-mismatch]
   20 |         TIM2->CCR4 = fabsf(mouseSpeed);
      |                      ^~~~~
../Core/Src/movement.c:20:22: note: include '<math.h>' or provide a declaration of 'fabsf'
../Core/Src/movement.c: In function 'find_bias':
../Core/Src/movement.c:39:30: warning: incompatible implicit declaration of built-in function 'fabsf' [-Wbuiltin-declaration-mismatch]
   39 |                 TIM2->CCR3 = fabsf(num);
      |                              ^~~~~
../Core/Src/movement.c:39:30: note: include '<math.h>' or provide a declaration of 'fabsf'
../Core/Src/movement.c:42:22: warning: incompatible implicit declaration of built-in function 'fabsf' [-Wbuiltin-declaration-mismatch]
   42 |         TIM2->CCR4 = fabsf(0);
      |                      ^~~~~
../Core/Src/movement.c:42:22: note: include '<math.h>' or provide a declaration of 'fabsf'
../Core/Src/movement.c: In function 'turn180':
../Core/Src/movement.c:52:30: warning: incompatible implicit declaration of built-in function 'fabsf' [-Wbuiltin-declaration-mismatch]
   52 |                 TIM2->CCR4 = fabsf(mouseSpeed);
      |                              ^~~~~
../Core/Src/movement.c:52:30: note: include '<math.h>' or provide a declaration of 'fabsf'
../Core/Src/movement.c:55:22: warning: incompatible implicit declaration of built-in function 'fabsf' [-Wbuiltin-declaration-mismatch]
   55 |         TIM2->CCR4 = fabsf(0);
      |                      ^~~~~
../Core/Src/movement.c:55:22: note: include '<math.h>' or provide a declaration of 'fabsf'
../Core/Src/movement.c: In function 'turnLeft':
../Core/Src/movement.c:63:30: warning: incompatible implicit declaration of built-in function 'fabsf' [-Wbuiltin-declaration-mismatch]
   63 |                 TIM2->CCR4 = fabsf(mouseSpeed);
      |                              ^~~~~
../Core/Src/movement.c:63:30: note: include '<math.h>' or provide a declaration of 'fabsf'
../Core/Src/movement.c:66:22: warning: incompatible implicit declaration of built-in function 'fabsf' [-Wbuiltin-declaration-mismatch]
   66 |         TIM2->CCR4 = fabsf(0);
      |                      ^~~~~
../Core/Src/movement.c:66:22: note: include '<math.h>' or provide a declaration of 'fabsf'
../Core/Src/movement.c: In function 'turnRight':
../Core/Src/movement.c:73:30: warning: incompatible implicit declaration of built-in function 'fabsf' [-Wbuiltin-declaration-mismatch]
   73 |                 TIM2->CCR3 = fabsf(mouseSpeed);
      |                              ^~~~~
../Core/Src/movement.c:73:30: note: include '<math.h>' or provide a declaration of 'fabsf'
../Core/Src/movement.c:76:22: warning: incompatible implicit declaration of built-in function 'fabsf' [-Wbuiltin-declaration-mismatch]
   76 |         TIM2->CCR3 = fabsf(0);
      |                      ^~~~~
../Core/Src/movement.c:76:22: note: include '<math.h>' or provide a declaration of 'fabsf'
arm-none-eabi-g++ -o "CHOAM.elf" @"objects.list"   -mcpu=cortex-m3 -T"C:\Users\Jeremiah\Desktop\MicroMouse-2024\firmware\CHOAM\STM32F103C8TX_FLASH.ld" --specs=nosys.specs -Wl,-Map="CHOAM.map" -Wl,--gc-sections -static --specs=nano.specs -mfloat-abi=soft -mthumb -Wl,--start-group -lc -lm -lstdc++ -lsupc++ -Wl,--end-group
Finished building target: CHOAM.elf
 
arm-none-eabi-size  CHOAM.elf 
arm-none-eabi-objdump -h -S CHOAM.elf  > "CHOAM.list"
   text	   data	    bss	    dec	    hex	filename
  18632	     16	   1856	  20504	   5018	CHOAM.elf
Finished building: default.size.stdout
 
Finished building: CHOAM.list
 
