22:12:28 **** Incremental Build of configuration Debug for project CHOAM ****
make -j11 all 
arm-none-eabi-gcc "../Core/Src/movement.c" -mcpu=cortex-m3 -std=gnu11 -g3 -DDEBUG -DUSE_HAL_DRIVER -DSTM32F103xB -c -I../Core/Inc -I../Drivers/STM32F1xx_HAL_Driver/Inc -I../Drivers/STM32F1xx_HAL_Driver/Inc/Legacy -I../Drivers/CMSIS/Device/ST/STM32F1xx/Include -I../Drivers/CMSIS/Include -O0 -ffunction-sections -fdata-sections -Wall -fstack-usage -fcyclomatic-complexity -MMD -MP -MF"Core/Src/movement.d" -MT"Core/Src/movement.o" --specs=nano.specs -mfloat-abi=soft -mthumb -o "Core/Src/movement.o"
arm-none-eabi-g++ -o "CHOAM.elf" @"objects.list"   -mcpu=cortex-m3 -T"/Users/adamhwu/Desktop/micromouse/MicroMouse-2024/firmware/CHOAM/STM32F103C8TX_FLASH.ld" --specs=nosys.specs -Wl,-Map="CHOAM.map" -Wl,--gc-sections -static --specs=nano.specs -mfloat-abi=soft -mthumb -Wl,--start-group -lc -lm -lstdc++ -lsupc++ -Wl,--end-group
Finished building target: CHOAM.elf
 
arm-none-eabi-size  CHOAM.elf 
arm-none-eabi-objdump -h -S CHOAM.elf  > "CHOAM.list"
   text	   data	    bss	    dec	    hex	filename
  17996	     16	   1856	  19868	   4d9c	CHOAM.elf
Finished building: default.size.stdout
 
Finished building: CHOAM.list
 
22:12:30 **** Incremental Build of configuration Debug for project CHOAM ****
make -j11 all 
arm-none-eabi-size  CHOAM.elf 
   text	   data	    bss	    dec	    hex	filename
  17996	     16	   1856	  19868	   4d9c	CHOAM.elf
Finished building: default.size.stdout
 
22:13:14 **** Incremental Build of configuration Debug for project CHOAM ****
make -j11 all 
arm-none-eabi-size  CHOAM.elf 
   text	   data	    bss	    dec	    hex	filename
  17996	     16	   1856	  19868	   4d9c	CHOAM.elf
Finished building: default.size.stdout
 
22:19:12 **** Incremental Build of configuration Debug for project CHOAM ****
make -j11 all 
arm-none-eabi-gcc "../Core/Src/movement.c" -mcpu=cortex-m3 -std=gnu11 -g3 -DDEBUG -DUSE_HAL_DRIVER -DSTM32F103xB -c -I../Core/Inc -I../Drivers/STM32F1xx_HAL_Driver/Inc -I../Drivers/STM32F1xx_HAL_Driver/Inc/Legacy -I../Drivers/CMSIS/Device/ST/STM32F1xx/Include -I../Drivers/CMSIS/Include -O0 -ffunction-sections -fdata-sections -Wall -fstack-usage -fcyclomatic-complexity -MMD -MP -MF"Core/Src/movement.d" -MT"Core/Src/movement.o" --specs=nano.specs -mfloat-abi=soft -mthumb -o "Core/Src/movement.o"
arm-none-eabi-g++ -o "CHOAM.elf" @"objects.list"   -mcpu=cortex-m3 -T"/Users/adamhwu/Desktop/micromouse/MicroMouse-2024/firmware/CHOAM/STM32F103C8TX_FLASH.ld" --specs=nosys.specs -Wl,-Map="CHOAM.map" -Wl,--gc-sections -static --specs=nano.specs -mfloat-abi=soft -mthumb -Wl,--start-group -lc -lm -lstdc++ -lsupc++ -Wl,--end-group
Finished building target: CHOAM.elf
 
arm-none-eabi-size  CHOAM.elf 
arm-none-eabi-objdump -h -S CHOAM.elf  > "CHOAM.list"
   text	   data	    bss	    dec	    hex	filename
  17996	     16	   1856	  19868	   4d9c	CHOAM.elf
Finished building: default.size.stdout
 
Finished building: CHOAM.list
 
22:21:01 **** Incremental Build of configuration Debug for project CHOAM ****
make -j11 all 
arm-none-eabi-gcc "../Core/Src/movement.c" -mcpu=cortex-m3 -std=gnu11 -g3 -DDEBUG -DUSE_HAL_DRIVER -DSTM32F103xB -c -I../Core/Inc -I../Drivers/STM32F1xx_HAL_Driver/Inc -I../Drivers/STM32F1xx_HAL_Driver/Inc/Legacy -I../Drivers/CMSIS/Device/ST/STM32F1xx/Include -I../Drivers/CMSIS/Include -O0 -ffunction-sections -fdata-sections -Wall -fstack-usage -fcyclomatic-complexity -MMD -MP -MF"Core/Src/movement.d" -MT"Core/Src/movement.o" --specs=nano.specs -mfloat-abi=soft -mthumb -o "Core/Src/movement.o"
arm-none-eabi-g++ -o "CHOAM.elf" @"objects.list"   -mcpu=cortex-m3 -T"/Users/adamhwu/Desktop/micromouse/MicroMouse-2024/firmware/CHOAM/STM32F103C8TX_FLASH.ld" --specs=nosys.specs -Wl,-Map="CHOAM.map" -Wl,--gc-sections -static --specs=nano.specs -mfloat-abi=soft -mthumb -Wl,--start-group -lc -lm -lstdc++ -lsupc++ -Wl,--end-group
Finished building target: CHOAM.elf
 
arm-none-eabi-size  CHOAM.elf 
arm-none-eabi-objdump -h -S CHOAM.elf  > "CHOAM.list"
   text	   data	    bss	    dec	    hex	filename
  17972	     16	   1856	  19844	   4d84	CHOAM.elf
Finished building: default.size.stdout
 
Finished building: CHOAM.list
 
22:28:10 **** Incremental Build of configuration Debug for project CHOAM ****
make -j11 all 
arm-none-eabi-gcc "../Core/Src/movement.c" -mcpu=cortex-m3 -std=gnu11 -g3 -DDEBUG -DUSE_HAL_DRIVER -DSTM32F103xB -c -I../Core/Inc -I../Drivers/STM32F1xx_HAL_Driver/Inc -I../Drivers/STM32F1xx_HAL_Driver/Inc/Legacy -I../Drivers/CMSIS/Device/ST/STM32F1xx/Include -I../Drivers/CMSIS/Include -O0 -ffunction-sections -fdata-sections -Wall -fstack-usage -fcyclomatic-complexity -MMD -MP -MF"Core/Src/movement.d" -MT"Core/Src/movement.o" --specs=nano.specs -mfloat-abi=soft -mthumb -o "Core/Src/movement.o"
../Core/Src/movement.c: In function 'find_bias':
../Core/Src/movement.c:33:28: error: 'direction' undeclared (first use in this function)
   33 |         SetLMotorDirection(direction);
      |                            ^~~~~~~~~
../Core/Src/movement.c:33:28: note: each undeclared identifier is reported only once for each function it appears in
make: *** [Core/Src/subdir.mk:46: Core/Src/movement.o] Error 1
"make -j11 all" terminated with exit code 2. Build might be incomplete.
22:28:20 **** Incremental Build of configuration Debug for project CHOAM ****
make -j11 all 
arm-none-eabi-gcc "../Core/Src/movement.c" -mcpu=cortex-m3 -std=gnu11 -g3 -DDEBUG -DUSE_HAL_DRIVER -DSTM32F103xB -c -I../Core/Inc -I../Drivers/STM32F1xx_HAL_Driver/Inc -I../Drivers/STM32F1xx_HAL_Driver/Inc/Legacy -I../Drivers/CMSIS/Device/ST/STM32F1xx/Include -I../Drivers/CMSIS/Include -O0 -ffunction-sections -fdata-sections -Wall -fstack-usage -fcyclomatic-complexity -MMD -MP -MF"Core/Src/movement.d" -MT"Core/Src/movement.o" --specs=nano.specs -mfloat-abi=soft -mthumb -o "Core/Src/movement.o"
arm-none-eabi-g++ -o "CHOAM.elf" @"objects.list"   -mcpu=cortex-m3 -T"/Users/adamhwu/Desktop/micromouse/MicroMouse-2024/firmware/CHOAM/STM32F103C8TX_FLASH.ld" --specs=nosys.specs -Wl,-Map="CHOAM.map" -Wl,--gc-sections -static --specs=nano.specs -mfloat-abi=soft -mthumb -Wl,--start-group -lc -lm -lstdc++ -lsupc++ -Wl,--end-group
Finished building target: CHOAM.elf
 
arm-none-eabi-size  CHOAM.elf 
arm-none-eabi-objdump -h -S CHOAM.elf  > "CHOAM.list"
   text	   data	    bss	    dec	    hex	filename
  17972	     16	   1856	  19844	   4d84	CHOAM.elf
Finished building: default.size.stdout
 
Finished building: CHOAM.list
 
22:28:53 **** Incremental Build of configuration Debug for project CHOAM ****
make -j11 all 
arm-none-eabi-gcc "../Core/Src/main.c" -mcpu=cortex-m3 -std=gnu11 -g3 -DDEBUG -DUSE_HAL_DRIVER -DSTM32F103xB -c -I../Core/Inc -I../Drivers/STM32F1xx_HAL_Driver/Inc -I../Drivers/STM32F1xx_HAL_Driver/Inc/Legacy -I../Drivers/CMSIS/Device/ST/STM32F1xx/Include -I../Drivers/CMSIS/Include -O0 -ffunction-sections -fdata-sections -Wall -fstack-usage -fcyclomatic-complexity -MMD -MP -MF"Core/Src/main.d" -MT"Core/Src/main.o" --specs=nano.specs -mfloat-abi=soft -mthumb -o "Core/Src/main.o"
../Core/Src/main.c: In function 'main':
../Core/Src/main.c:154:3: warning: implicit declaration of function 'find_bias' [-Wimplicit-function-declaration]
  154 |   find_bias();
      |   ^~~~~~~~~
arm-none-eabi-g++ -o "CHOAM.elf" @"objects.list"   -mcpu=cortex-m3 -T"/Users/adamhwu/Desktop/micromouse/MicroMouse-2024/firmware/CHOAM/STM32F103C8TX_FLASH.ld" --specs=nosys.specs -Wl,-Map="CHOAM.map" -Wl,--gc-sections -static --specs=nano.specs -mfloat-abi=soft -mthumb -Wl,--start-group -lc -lm -lstdc++ -lsupc++ -Wl,--end-group
Finished building target: CHOAM.elf
 
arm-none-eabi-size  CHOAM.elf 
arm-none-eabi-objdump -h -S CHOAM.elf  > "CHOAM.list"
   text	   data	    bss	    dec	    hex	filename
  18084	     16	   1856	  19956	   4df4	CHOAM.elf
Finished building: default.size.stdout
 
Finished building: CHOAM.list
 
22:30:45 **** Incremental Build of configuration Debug for project CHOAM ****
make -j11 all 
arm-none-eabi-gcc "../Core/Src/main.c" -mcpu=cortex-m3 -std=gnu11 -g3 -DDEBUG -DUSE_HAL_DRIVER -DSTM32F103xB -c -I../Core/Inc -I../Drivers/STM32F1xx_HAL_Driver/Inc -I../Drivers/STM32F1xx_HAL_Driver/Inc/Legacy -I../Drivers/CMSIS/Device/ST/STM32F1xx/Include -I../Drivers/CMSIS/Include -O0 -ffunction-sections -fdata-sections -Wall -fstack-usage -fcyclomatic-complexity -MMD -MP -MF"Core/Src/main.d" -MT"Core/Src/main.o" --specs=nano.specs -mfloat-abi=soft -mthumb -o "Core/Src/main.o"
arm-none-eabi-g++ -o "CHOAM.elf" @"objects.list"   -mcpu=cortex-m3 -T"/Users/adamhwu/Desktop/micromouse/MicroMouse-2024/firmware/CHOAM/STM32F103C8TX_FLASH.ld" --specs=nosys.specs -Wl,-Map="CHOAM.map" -Wl,--gc-sections -static --specs=nano.specs -mfloat-abi=soft -mthumb -Wl,--start-group -lc -lm -lstdc++ -lsupc++ -Wl,--end-group
Finished building target: CHOAM.elf
 
arm-none-eabi-size  CHOAM.elf 
arm-none-eabi-objdump -h -S CHOAM.elf  > "CHOAM.list"
   text	   data	    bss	    dec	    hex	filename
  18084	     16	   1856	  19956	   4df4	CHOAM.elf
Finished building: default.size.stdout
 
Finished building: CHOAM.list
 
22:30:59 **** Incremental Build of configuration Debug for project CHOAM ****
make -j11 all 
arm-none-eabi-size  CHOAM.elf 
   text	   data	    bss	    dec	    hex	filename
  18084	     16	   1856	  19956	   4df4	CHOAM.elf
Finished building: default.size.stdout
 
22:31:14 **** Incremental Build of configuration Debug for project CHOAM ****
make -j11 all 
arm-none-eabi-gcc "../Core/Src/movement.c" -mcpu=cortex-m3 -std=gnu11 -g3 -DDEBUG -DUSE_HAL_DRIVER -DSTM32F103xB -c -I../Core/Inc -I../Drivers/STM32F1xx_HAL_Driver/Inc -I../Drivers/STM32F1xx_HAL_Driver/Inc/Legacy -I../Drivers/CMSIS/Device/ST/STM32F1xx/Include -I../Drivers/CMSIS/Include -O0 -ffunction-sections -fdata-sections -Wall -fstack-usage -fcyclomatic-complexity -MMD -MP -MF"Core/Src/movement.d" -MT"Core/Src/movement.o" --specs=nano.specs -mfloat-abi=soft -mthumb -o "Core/Src/movement.o"
arm-none-eabi-g++ -o "CHOAM.elf" @"objects.list"   -mcpu=cortex-m3 -T"/Users/adamhwu/Desktop/micromouse/MicroMouse-2024/firmware/CHOAM/STM32F103C8TX_FLASH.ld" --specs=nosys.specs -Wl,-Map="CHOAM.map" -Wl,--gc-sections -static --specs=nano.specs -mfloat-abi=soft -mthumb -Wl,--start-group -lc -lm -lstdc++ -lsupc++ -Wl,--end-group
Finished building target: CHOAM.elf
 
arm-none-eabi-size  CHOAM.elf 
arm-none-eabi-objdump -h -S CHOAM.elf  > "CHOAM.list"
   text	   data	    bss	    dec	    hex	filename
  18084	     16	   1856	  19956	   4df4	CHOAM.elf
Finished building: default.size.stdout
 
Finished building: CHOAM.list
 
22:31:52 **** Incremental Build of configuration Debug for project CHOAM ****
make -j11 all 
arm-none-eabi-gcc "../Core/Src/movement.c" -mcpu=cortex-m3 -std=gnu11 -g3 -DDEBUG -DUSE_HAL_DRIVER -DSTM32F103xB -c -I../Core/Inc -I../Drivers/STM32F1xx_HAL_Driver/Inc -I../Drivers/STM32F1xx_HAL_Driver/Inc/Legacy -I../Drivers/CMSIS/Device/ST/STM32F1xx/Include -I../Drivers/CMSIS/Include -O0 -ffunction-sections -fdata-sections -Wall -fstack-usage -fcyclomatic-complexity -MMD -MP -MF"Core/Src/movement.d" -MT"Core/Src/movement.o" --specs=nano.specs -mfloat-abi=soft -mthumb -o "Core/Src/movement.o"
arm-none-eabi-g++ -o "CHOAM.elf" @"objects.list"   -mcpu=cortex-m3 -T"/Users/adamhwu/Desktop/micromouse/MicroMouse-2024/firmware/CHOAM/STM32F103C8TX_FLASH.ld" --specs=nosys.specs -Wl,-Map="CHOAM.map" -Wl,--gc-sections -static --specs=nano.specs -mfloat-abi=soft -mthumb -Wl,--start-group -lc -lm -lstdc++ -lsupc++ -Wl,--end-group
Finished building target: CHOAM.elf
 
arm-none-eabi-size  CHOAM.elf 
arm-none-eabi-objdump -h -S CHOAM.elf  > "CHOAM.list"
   text	   data	    bss	    dec	    hex	filename
  18084	     16	   1856	  19956	   4df4	CHOAM.elf
Finished building: default.size.stdout
 
Finished building: CHOAM.list
 
22:34:44 **** Incremental Build of configuration Debug for project CHOAM ****
make -j11 all 
arm-none-eabi-gcc "../Core/Src/main.c" -mcpu=cortex-m3 -std=gnu11 -g3 -DDEBUG -DUSE_HAL_DRIVER -DSTM32F103xB -c -I../Core/Inc -I../Drivers/STM32F1xx_HAL_Driver/Inc -I../Drivers/STM32F1xx_HAL_Driver/Inc/Legacy -I../Drivers/CMSIS/Device/ST/STM32F1xx/Include -I../Drivers/CMSIS/Include -O0 -ffunction-sections -fdata-sections -Wall -fstack-usage -fcyclomatic-complexity -MMD -MP -MF"Core/Src/main.d" -MT"Core/Src/main.o" --specs=nano.specs -mfloat-abi=soft -mthumb -o "Core/Src/main.o"
arm-none-eabi-g++ -o "CHOAM.elf" @"objects.list"   -mcpu=cortex-m3 -T"/Users/adamhwu/Desktop/micromouse/MicroMouse-2024/firmware/CHOAM/STM32F103C8TX_FLASH.ld" --specs=nosys.specs -Wl,-Map="CHOAM.map" -Wl,--gc-sections -static --specs=nano.specs -mfloat-abi=soft -mthumb -Wl,--start-group -lc -lm -lstdc++ -lsupc++ -Wl,--end-group
Finished building target: CHOAM.elf
 
arm-none-eabi-size  CHOAM.elf 
arm-none-eabi-objdump -h -S CHOAM.elf  > "CHOAM.list"
   text	   data	    bss	    dec	    hex	filename
  18084	     16	   1856	  19956	   4df4	CHOAM.elf
Finished building: default.size.stdout
 
Finished building: CHOAM.list
 
22:35:15 **** Incremental Build of configuration Debug for project CHOAM ****
make -j11 all 
arm-none-eabi-gcc "../Core/Src/main.c" -mcpu=cortex-m3 -std=gnu11 -g3 -DDEBUG -DUSE_HAL_DRIVER -DSTM32F103xB -c -I../Core/Inc -I../Drivers/STM32F1xx_HAL_Driver/Inc -I../Drivers/STM32F1xx_HAL_Driver/Inc/Legacy -I../Drivers/CMSIS/Device/ST/STM32F1xx/Include -I../Drivers/CMSIS/Include -O0 -ffunction-sections -fdata-sections -Wall -fstack-usage -fcyclomatic-complexity -MMD -MP -MF"Core/Src/main.d" -MT"Core/Src/main.o" --specs=nano.specs -mfloat-abi=soft -mthumb -o "Core/Src/main.o"
arm-none-eabi-g++ -o "CHOAM.elf" @"objects.list"   -mcpu=cortex-m3 -T"/Users/adamhwu/Desktop/micromouse/MicroMouse-2024/firmware/CHOAM/STM32F103C8TX_FLASH.ld" --specs=nosys.specs -Wl,-Map="CHOAM.map" -Wl,--gc-sections -static --specs=nano.specs -mfloat-abi=soft -mthumb -Wl,--start-group -lc -lm -lstdc++ -lsupc++ -Wl,--end-group
Finished building target: CHOAM.elf
 
arm-none-eabi-size  CHOAM.elf 
arm-none-eabi-objdump -h -S CHOAM.elf  > "CHOAM.list"
   text	   data	    bss	    dec	    hex	filename
  17908	     12	   1860	  19780	   4d44	CHOAM.elf
Finished building: default.size.stdout
 
Finished building: CHOAM.list
 
22:37:00 **** Incremental Build of configuration Debug for project CHOAM ****
make -j11 all 
arm-none-eabi-gcc "../Core/Src/movement.c" -mcpu=cortex-m3 -std=gnu11 -g3 -DDEBUG -DUSE_HAL_DRIVER -DSTM32F103xB -c -I../Core/Inc -I../Drivers/STM32F1xx_HAL_Driver/Inc -I../Drivers/STM32F1xx_HAL_Driver/Inc/Legacy -I../Drivers/CMSIS/Device/ST/STM32F1xx/Include -I../Drivers/CMSIS/Include -O0 -ffunction-sections -fdata-sections -Wall -fstack-usage -fcyclomatic-complexity -MMD -MP -MF"Core/Src/movement.d" -MT"Core/Src/movement.o" --specs=nano.specs -mfloat-abi=soft -mthumb -o "Core/Src/movement.o"
arm-none-eabi-g++ -o "CHOAM.elf" @"objects.list"   -mcpu=cortex-m3 -T"/Users/adamhwu/Desktop/micromouse/MicroMouse-2024/firmware/CHOAM/STM32F103C8TX_FLASH.ld" --specs=nosys.specs -Wl,-Map="CHOAM.map" -Wl,--gc-sections -static --specs=nano.specs -mfloat-abi=soft -mthumb -Wl,--start-group -lc -lm -lstdc++ -lsupc++ -Wl,--end-group
Finished building target: CHOAM.elf
 
arm-none-eabi-size  CHOAM.elf 
arm-none-eabi-objdump -h -S CHOAM.elf  > "CHOAM.list"
   text	   data	    bss	    dec	    hex	filename
  17908	     12	   1860	  19780	   4d44	CHOAM.elf
Finished building: default.size.stdout
 
Finished building: CHOAM.list
 
